[INFO] Scanning for projects...
[INFO] 
[INFO] ---------------------------< com.soft:zzyl >----------------------------
[INFO] Building zzyl 0.0.1-SNAPSHOT
[INFO]   from pom.xml
[INFO] --------------------------------[ jar ]---------------------------------
[INFO] 
[INFO] >>> spring-boot:3.0.2:run (default-cli) > test-compile @ zzyl >>>
[INFO] 
[INFO] --- resources:3.3.1:resources (default-resources) @ zzyl ---
[INFO] Copying 7 resources from src\main\resources to target\classes
[INFO] 
[INFO] --- compiler:3.8.1:compile (default-compile) @ zzyl ---
[INFO] Nothing to compile - all classes are up to date
[INFO] 
[INFO] --- resources:3.3.1:testResources (default-testResources) @ zzyl ---
[INFO] skip non existing resourceDirectory C:\Users\1\zzyl_back_work\src\test\resources
[INFO] 
[INFO] --- compiler:3.8.1:testCompile (default-testCompile) @ zzyl ---
[INFO] Nothing to compile - all classes are up to date
[INFO] 
[INFO] <<< spring-boot:3.0.2:run (default-cli) < test-compile @ zzyl <<<
[INFO] 
[INFO] 
[INFO] --- spring-boot:3.0.2:run (default-cli) @ zzyl ---
[INFO] ------------------------------------------------------------------------
[INFO] BUILD SUCCESS
[INFO] ------------------------------------------------------------------------
[INFO] Total time:  1.957 s
[INFO] Finished at: 2026-07-12T14:28:21+08:00
[INFO] ------------------------------------------------------------------------
