[      92ms] [LOG] dispatched to https://rp-java.itheima.net/zhyl/#id=ps9caw&p=%E6%95%B4%E4%BD%93%E4%BB%8B%E7%BB%8D&g=1 @ https://rp-java.itheima.net/zhyl/resources/scripts/messagecenter.js:296
[      94ms] [LOG] dispatched to https://rp-java.itheima.net/zhyl/#id=ps9caw&p=%E6%95%B4%E4%BD%93%E4%BB%8B%E7%BB%8D&g=1 @ https://rp-java.itheima.net/zhyl/resources/scripts/messagecenter.js:296
[      94ms] [LOG] dispatched to https://rp-java.itheima.net/zhyl/#id=ps9caw&p=%E6%95%B4%E4%BD%93%E4%BB%8B%E7%BB%8D&g=1 @ https://rp-java.itheima.net/zhyl/resources/scripts/messagecenter.js:296
[      94ms] [LOG] dispatched to https://rp-java.itheima.net/zhyl/#id=ps9caw&p=%E6%95%B4%E4%BD%93%E4%BB%8B%E7%BB%8D&g=1 @ https://rp-java.itheima.net/zhyl/resources/scripts/messagecenter.js:296
[     108ms] [LOG] dispatched to https://rp-java.itheima.net/zhyl/#id=ps9caw&p=%E6%95%B4%E4%BD%93%E4%BB%8B%E7%BB%8D&g=1 @ https://rp-java.itheima.net/zhyl/resources/scripts/messagecenter.js:296
[     108ms] [LOG] dispatched to https://rp-java.itheima.net/zhyl/#id=ps9caw&p=%E6%95%B4%E4%BD%93%E4%BB%8B%E7%BB%8D&g=1 @ https://rp-java.itheima.net/zhyl/resources/scripts/messagecenter.js:296
[     108ms] [LOG] dispatched to https://rp-java.itheima.net/zhyl/#id=ps9caw&p=%E6%95%B4%E4%BD%93%E4%BB%8B%E7%BB%8D&g=1 @ https://rp-java.itheima.net/zhyl/resources/scripts/messagecenter.js:296
[     241ms] [LOG] adding from https://rp-java.itheima.net/zhyl/%E6%95%B4%E4%BD%93%E4%BB%8B%E7%BB%8D.html @ https://rp-java.itheima.net/zhyl/resources/scripts/messagecenter.js:240
[     243ms] [LOG] dispatched to https://rp-java.itheima.net/zhyl/#id=ps9caw&p=%E6%95%B4%E4%BD%93%E4%BB%8B%E7%BB%8D&g=1 @ https://rp-java.itheima.net/zhyl/resources/scripts/messagecenter.js:296
[     247ms] [LOG] dispatched to https://rp-java.itheima.net/zhyl/#id=ps9caw&p=%E6%95%B4%E4%BD%93%E4%BB%8B%E7%BB%8D&g=1 @ https://rp-java.itheima.net/zhyl/resources/scripts/messagecenter.js:296
[     248ms] [LOG] dispatched to https://rp-java.itheima.net/zhyl/%E6%95%B4%E4%BD%93%E4%BB%8B%E7%BB%8D.html @ https://rp-java.itheima.net/zhyl/resources/scripts/messagecenter.js:296
[     249ms] [LOG] dispatched to https://rp-java.itheima.net/zhyl/#id=ps9caw&p=%E6%95%B4%E4%BD%93%E4%BB%8B%E7%BB%8D&g=1 @ https://rp-java.itheima.net/zhyl/resources/scripts/messagecenter.js:296
[     249ms] [LOG] dispatched to https://rp-java.itheima.net/zhyl/%E6%95%B4%E4%BD%93%E4%BB%8B%E7%BB%8D.html @ https://rp-java.itheima.net/zhyl/resources/scripts/messagecenter.js:296
[     250ms] [LOG] dispatched to https://rp-java.itheima.net/zhyl/#id=ps9caw&p=%E6%95%B4%E4%BD%93%E4%BB%8B%E7%BB%8D&g=1 @ https://rp-java.itheima.net/zhyl/resources/scripts/messagecenter.js:296
[     250ms] [LOG] dispatched to https://rp-java.itheima.net/zhyl/%E6%95%B4%E4%BD%93%E4%BB%8B%E7%BB%8D.html @ https://rp-java.itheima.net/zhyl/resources/scripts/messagecenter.js:296
[     250ms] [LOG] dispatched to https://rp-java.itheima.net/zhyl/#id=ps9caw&p=%E6%95%B4%E4%BD%93%E4%BB%8B%E7%BB%8D&g=1 @ https://rp-java.itheima.net/zhyl/resources/scripts/messagecenter.js:296
[     251ms] [LOG] dispatched to https://rp-java.itheima.net/zhyl/%E6%95%B4%E4%BD%93%E4%BB%8B%E7%BB%8D.html @ https://rp-java.itheima.net/zhyl/resources/scripts/messagecenter.js:296
[     251ms] [LOG] dispatched to https://rp-java.itheima.net/zhyl/#id=ps9caw&p=%E6%95%B4%E4%BD%93%E4%BB%8B%E7%BB%8D&g=1 @ https://rp-java.itheima.net/zhyl/resources/scripts/messagecenter.js:296
[     251ms] [LOG] dispatched to https://rp-java.itheima.net/zhyl/%E6%95%B4%E4%BD%93%E4%BB%8B%E7%BB%8D.html @ https://rp-java.itheima.net/zhyl/resources/scripts/messagecenter.js:296
[     251ms] [LOG] dispatched to https://rp-java.itheima.net/zhyl/#id=ps9caw&p=%E6%95%B4%E4%BD%93%E4%BB%8B%E7%BB%8D&g=1 @ https://rp-java.itheima.net/zhyl/resources/scripts/messagecenter.js:296
[     251ms] [LOG] dispatched to https://rp-java.itheima.net/zhyl/%E6%95%B4%E4%BD%93%E4%BB%8B%E7%BB%8D.html @ https://rp-java.itheima.net/zhyl/resources/scripts/messagecenter.js:296
[     251ms] [LOG] dispatched to https://rp-java.itheima.net/zhyl/#id=ps9caw&p=%E6%95%B4%E4%BD%93%E4%BB%8B%E7%BB%8D&g=1 @ https://rp-java.itheima.net/zhyl/resources/scripts/messagecenter.js:296
[     252ms] [LOG] dispatched to https://rp-java.itheima.net/zhyl/%E6%95%B4%E4%BD%93%E4%BB%8B%E7%BB%8D.html @ https://rp-java.itheima.net/zhyl/resources/scripts/messagecenter.js:296
[     252ms] [LOG] dispatched to https://rp-java.itheima.net/zhyl/#id=ps9caw&p=%E6%95%B4%E4%BD%93%E4%BB%8B%E7%BB%8D&g=1 @ https://rp-java.itheima.net/zhyl/resources/scripts/messagecenter.js:296
[     252ms] [LOG] dispatched to https://rp-java.itheima.net/zhyl/%E6%95%B4%E4%BD%93%E4%BB%8B%E7%BB%8D.html @ https://rp-java.itheima.net/zhyl/resources/scripts/messagecenter.js:296
[     252ms] [LOG] dispatched to https://rp-java.itheima.net/zhyl/#id=ps9caw&p=%E6%95%B4%E4%BD%93%E4%BB%8B%E7%BB%8D&g=1 @ https://rp-java.itheima.net/zhyl/resources/scripts/messagecenter.js:296
[     252ms] [LOG] dispatched to https://rp-java.itheima.net/zhyl/%E6%95%B4%E4%BD%93%E4%BB%8B%E7%BB%8D.html @ https://rp-java.itheima.net/zhyl/resources/scripts/messagecenter.js:296
[     253ms] [LOG] dispatched to https://rp-java.itheima.net/zhyl/#id=ps9caw&p=%E6%95%B4%E4%BD%93%E4%BB%8B%E7%BB%8D&g=1 @ https://rp-java.itheima.net/zhyl/resources/scripts/messagecenter.js:296
[     253ms] [LOG] dispatched to https://rp-java.itheima.net/zhyl/%E6%95%B4%E4%BD%93%E4%BB%8B%E7%BB%8D.html @ https://rp-java.itheima.net/zhyl/resources/scripts/messagecenter.js:296
[     253ms] [LOG] dispatched to https://rp-java.itheima.net/zhyl/#id=ps9caw&p=%E6%95%B4%E4%BD%93%E4%BB%8B%E7%BB%8D&g=1 @ https://rp-java.itheima.net/zhyl/resources/scripts/messagecenter.js:296
[     253ms] [LOG] dispatched to https://rp-java.itheima.net/zhyl/%E6%95%B4%E4%BD%93%E4%BB%8B%E7%BB%8D.html @ https://rp-java.itheima.net/zhyl/resources/scripts/messagecenter.js:296
[     254ms] [LOG] dispatched to https://rp-java.itheima.net/zhyl/#id=ps9caw&p=%E6%95%B4%E4%BD%93%E4%BB%8B%E7%BB%8D&g=1 @ https://rp-java.itheima.net/zhyl/resources/scripts/messagecenter.js:296
[     255ms] [LOG] dispatched to https://rp-java.itheima.net/zhyl/#id=ps9caw&p=%E6%95%B4%E4%BD%93%E4%BB%8B%E7%BB%8D&g=1 @ https://rp-java.itheima.net/zhyl/resources/scripts/messagecenter.js:296
[     255ms] [LOG] dispatched to https://rp-java.itheima.net/zhyl/%E6%95%B4%E4%BD%93%E4%BB%8B%E7%BB%8D.html @ https://rp-java.itheima.net/zhyl/resources/scripts/messagecenter.js:296
[     256ms] [LOG] dispatched to https://rp-java.itheima.net/zhyl/#id=ps9caw&p=%E6%95%B4%E4%BD%93%E4%BB%8B%E7%BB%8D&g=1 @ https://rp-java.itheima.net/zhyl/resources/scripts/messagecenter.js:296
[     256ms] [LOG] dispatched to https://rp-java.itheima.net/zhyl/%E6%95%B4%E4%BD%93%E4%BB%8B%E7%BB%8D.html @ https://rp-java.itheima.net/zhyl/resources/scripts/messagecenter.js:296
[     257ms] [LOG] dispatched to https://rp-java.itheima.net/zhyl/#id=ps9caw&p=%E6%95%B4%E4%BD%93%E4%BB%8B%E7%BB%8D&g=1 @ https://rp-java.itheima.net/zhyl/resources/scripts/messagecenter.js:296
[     257ms] [LOG] dispatched to https://rp-java.itheima.net/zhyl/%E6%95%B4%E4%BD%93%E4%BB%8B%E7%BB%8D.html @ https://rp-java.itheima.net/zhyl/resources/scripts/messagecenter.js:296
[     257ms] [LOG] dispatched to https://rp-java.itheima.net/zhyl/#id=ps9caw&p=%E6%95%B4%E4%BD%93%E4%BB%8B%E7%BB%8D&g=1 @ https://rp-java.itheima.net/zhyl/resources/scripts/messagecenter.js:296
[     257ms] [LOG] dispatched to https://rp-java.itheima.net/zhyl/%E6%95%B4%E4%BD%93%E4%BB%8B%E7%BB%8D.html @ https://rp-java.itheima.net/zhyl/resources/scripts/messagecenter.js:296
[     257ms] [LOG] dispatched to https://rp-java.itheima.net/zhyl/%E6%95%B4%E4%BD%93%E4%BB%8B%E7%BB%8D.html @ https://rp-java.itheima.net/zhyl/resources/scripts/messagecenter.js:296
[     258ms] [LOG] loadTime: 0 @ https://rp-java.itheima.net/zhyl/resources/scripts/axure/init.temp.js:277
[     260ms] [LOG] dispatched to https://rp-java.itheima.net/zhyl/#id=ps9caw&p=%E6%95%B4%E4%BD%93%E4%BB%8B%E7%BB%8D&g=1 @ https://rp-java.itheima.net/zhyl/resources/scripts/messagecenter.js:296
[     260ms] [LOG] dispatched to https://rp-java.itheima.net/zhyl/%E6%95%B4%E4%BD%93%E4%BB%8B%E7%BB%8D.html @ https://rp-java.itheima.net/zhyl/resources/scripts/messagecenter.js:296
[     260ms] [LOG] dispatched to https://rp-java.itheima.net/zhyl/#id=ps9caw&p=%E6%95%B4%E4%BD%93%E4%BB%8B%E7%BB%8D&g=1 @ https://rp-java.itheima.net/zhyl/resources/scripts/messagecenter.js:296
[     260ms] [LOG] dispatched to https://rp-java.itheima.net/zhyl/%E6%95%B4%E4%BD%93%E4%BB%8B%E7%BB%8D.html @ https://rp-java.itheima.net/zhyl/resources/scripts/messagecenter.js:296
[     260ms] [LOG] dispatched to https://rp-java.itheima.net/zhyl/#id=ps9caw&p=%E6%95%B4%E4%BD%93%E4%BB%8B%E7%BB%8D&g=1 @ https://rp-java.itheima.net/zhyl/resources/scripts/messagecenter.js:296
[     261ms] [LOG] dispatched to https://rp-java.itheima.net/zhyl/%E6%95%B4%E4%BD%93%E4%BB%8B%E7%BB%8D.html @ https://rp-java.itheima.net/zhyl/resources/scripts/messagecenter.js:296
[     261ms] [LOG] dispatched to https://rp-java.itheima.net/zhyl/%E6%95%B4%E4%BD%93%E4%BB%8B%E7%BB%8D.html @ https://rp-java.itheima.net/zhyl/resources/scripts/messagecenter.js:296
[     291ms] [WARNING] <meta name="apple-mobile-web-app-capable" content="yes"> is deprecated. Please include <meta name="mobile-web-app-capable" content="yes"> @ https://rp-java.itheima.net/zhyl/#id=ps9caw&p=%E6%95%B4%E4%BD%93%E4%BB%8B%E7%BB%8D&g=1:0
[     348ms] [LOG] dispatched to https://rp-java.itheima.net/zhyl/#id=ps9caw&p=%E6%95%B4%E4%BD%93%E4%BB%8B%E7%BB%8D&g=1 @ https://rp-java.itheima.net/zhyl/resources/scripts/messagecenter.js:296
[     348ms] [LOG] dispatched to https://rp-java.itheima.net/zhyl/%E6%95%B4%E4%BD%93%E4%BB%8B%E7%BB%8D.html @ https://rp-java.itheima.net/zhyl/resources/scripts/messagecenter.js:296
[     348ms] [LOG] dispatched to https://rp-java.itheima.net/zhyl/#id=ps9caw&p=%E6%95%B4%E4%BD%93%E4%BB%8B%E7%BB%8D&g=1 @ https://rp-java.itheima.net/zhyl/resources/scripts/messagecenter.js:296
[     349ms] [LOG] dispatched to https://rp-java.itheima.net/zhyl/#id=ps9caw&p=%E6%95%B4%E4%BD%93%E4%BB%8B%E7%BB%8D&g=1 @ https://rp-java.itheima.net/zhyl/resources/scripts/messagecenter.js:296
[     349ms] [LOG] dispatched to https://rp-java.itheima.net/zhyl/%E6%95%B4%E4%BD%93%E4%BB%8B%E7%BB%8D.html @ https://rp-java.itheima.net/zhyl/resources/scripts/messagecenter.js:296
[     349ms] [LOG] dispatched to https://rp-java.itheima.net/zhyl/#id=ps9caw&p=%E6%95%B4%E4%BD%93%E4%BB%8B%E7%BB%8D&g=1 @ https://rp-java.itheima.net/zhyl/resources/scripts/messagecenter.js:296
[     349ms] [LOG] dispatched to https://rp-java.itheima.net/zhyl/%E6%95%B4%E4%BD%93%E4%BB%8B%E7%BB%8D.html @ https://rp-java.itheima.net/zhyl/resources/scripts/messagecenter.js:296
[     349ms] [LOG] dispatched to https://rp-java.itheima.net/zhyl/#id=ps9caw&p=%E6%95%B4%E4%BD%93%E4%BB%8B%E7%BB%8D&g=1 @ https://rp-java.itheima.net/zhyl/resources/scripts/messagecenter.js:296
[     349ms] [LOG] dispatched to https://rp-java.itheima.net/zhyl/%E6%95%B4%E4%BD%93%E4%BB%8B%E7%BB%8D.html @ https://rp-java.itheima.net/zhyl/resources/scripts/messagecenter.js:296
[     350ms] [LOG] dispatched to https://rp-java.itheima.net/zhyl/#id=ps9caw&p=%E6%95%B4%E4%BD%93%E4%BB%8B%E7%BB%8D&g=1 @ https://rp-java.itheima.net/zhyl/resources/scripts/messagecenter.js:296
[     350ms] [LOG] dispatched to https://rp-java.itheima.net/zhyl/%E6%95%B4%E4%BD%93%E4%BB%8B%E7%BB%8D.html @ https://rp-java.itheima.net/zhyl/resources/scripts/messagecenter.js:296
[     350ms] [LOG] dispatched to https://rp-java.itheima.net/zhyl/%E6%95%B4%E4%BD%93%E4%BB%8B%E7%BB%8D.html @ https://rp-java.itheima.net/zhyl/resources/scripts/messagecenter.js:296
[     350ms] [LOG] dispatched to https://rp-java.itheima.net/zhyl/#id=ps9caw&p=%E6%95%B4%E4%BD%93%E4%BB%8B%E7%BB%8D&g=1 @ https://rp-java.itheima.net/zhyl/resources/scripts/messagecenter.js:296
[     350ms] [LOG] dispatched to https://rp-java.itheima.net/zhyl/%E6%95%B4%E4%BD%93%E4%BB%8B%E7%BB%8D.html @ https://rp-java.itheima.net/zhyl/resources/scripts/messagecenter.js:296
[     350ms] [LOG] dispatched to https://rp-java.itheima.net/zhyl/#id=ps9caw&p=%E6%95%B4%E4%BD%93%E4%BB%8B%E7%BB%8D&g=1 @ https://rp-java.itheima.net/zhyl/resources/scripts/messagecenter.js:296
[     350ms] [LOG] dispatched to https://rp-java.itheima.net/zhyl/%E6%95%B4%E4%BD%93%E4%BB%8B%E7%BB%8D.html @ https://rp-java.itheima.net/zhyl/resources/scripts/messagecenter.js:296
[     350ms] [LOG] dispatched to https://rp-java.itheima.net/zhyl/#id=ps9caw&p=%E6%95%B4%E4%BD%93%E4%BB%8B%E7%BB%8D&g=1 @ https://rp-java.itheima.net/zhyl/resources/scripts/messagecenter.js:296
[     351ms] [LOG] dispatched to https://rp-java.itheima.net/zhyl/%E6%95%B4%E4%BD%93%E4%BB%8B%E7%BB%8D.html @ https://rp-java.itheima.net/zhyl/resources/scripts/messagecenter.js:296
[     351ms] [LOG] dispatched to https://rp-java.itheima.net/zhyl/#id=ps9caw&p=%E6%95%B4%E4%BD%93%E4%BB%8B%E7%BB%8D&g=1 @ https://rp-java.itheima.net/zhyl/resources/scripts/messagecenter.js:296
[     351ms] [LOG] dispatched to https://rp-java.itheima.net/zhyl/%E6%95%B4%E4%BD%93%E4%BB%8B%E7%BB%8D.html @ https://rp-java.itheima.net/zhyl/resources/scripts/messagecenter.js:296
[     351ms] [LOG] dispatched to https://rp-java.itheima.net/zhyl/#id=ps9caw&p=%E6%95%B4%E4%BD%93%E4%BB%8B%E7%BB%8D&g=1 @ https://rp-java.itheima.net/zhyl/resources/scripts/messagecenter.js:296
[     351ms] [LOG] dispatched to https://rp-java.itheima.net/zhyl/%E6%95%B4%E4%BD%93%E4%BB%8B%E7%BB%8D.html @ https://rp-java.itheima.net/zhyl/resources/scripts/messagecenter.js:296
[    5640ms] [LOG] adding from https://rp-java.itheima.net/zhyl/%E5%85%A5%E4%BD%8F%E5%8A%9E%E7%90%86%E8%AF%A6%E6%83%85%E9%A1%B5-1-%E5%9F%BA%E6%9C%AC%E4%BF%A1%E6%81%AF.html @ https://rp-java.itheima.net/zhyl/resources/scripts/messagecenter.js:240
[    5641ms] [LOG] dispatched to https://rp-java.itheima.net/zhyl/#id=ps9caw&p=%E6%95%B4%E4%BD%93%E4%BB%8B%E7%BB%8D&g=1 @ https://rp-java.itheima.net/zhyl/resources/scripts/messagecenter.js:296
[    5643ms] [LOG] dispatched to https://rp-java.itheima.net/zhyl/#id=nf6w0g&p=%E5%85%A5%E4%BD%8F%E5%8A%9E%E7%90%86%E8%AF%A6%E6%83%85%E9%A1%B5-1-%E5%9F%BA%E6%9C%AC%E4%BF%A1%E6%81%AF&g=1 @ https://rp-java.itheima.net/zhyl/resources/scripts/messagecenter.js:296
[    5643ms] [LOG] dispatched to https://rp-java.itheima.net/zhyl/%E5%85%A5%E4%BD%8F%E5%8A%9E%E7%90%86%E8%AF%A6%E6%83%85%E9%A1%B5-1-%E5%9F%BA%E6%9C%AC%E4%BF%A1%E6%81%AF.html @ https://rp-java.itheima.net/zhyl/resources/scripts/messagecenter.js:296
[    5644ms] [LOG] dispatched to https://rp-java.itheima.net/zhyl/#id=nf6w0g&p=%E5%85%A5%E4%BD%8F%E5%8A%9E%E7%90%86%E8%AF%A6%E6%83%85%E9%A1%B5-1-%E5%9F%BA%E6%9C%AC%E4%BF%A1%E6%81%AF&g=1 @ https://rp-java.itheima.net/zhyl/resources/scripts/messagecenter.js:296
[    5644ms] [LOG] dispatched to https://rp-java.itheima.net/zhyl/%E5%85%A5%E4%BD%8F%E5%8A%9E%E7%90%86%E8%AF%A6%E6%83%85%E9%A1%B5-1-%E5%9F%BA%E6%9C%AC%E4%BF%A1%E6%81%AF.html @ https://rp-java.itheima.net/zhyl/resources/scripts/messagecenter.js:296
[    5644ms] [LOG] dispatched to https://rp-java.itheima.net/zhyl/#id=nf6w0g&p=%E5%85%A5%E4%BD%8F%E5%8A%9E%E7%90%86%E8%AF%A6%E6%83%85%E9%A1%B5-1-%E5%9F%BA%E6%9C%AC%E4%BF%A1%E6%81%AF&g=1 @ https://rp-java.itheima.net/zhyl/resources/scripts/messagecenter.js:296
[    5644ms] [LOG] dispatched to https://rp-java.itheima.net/zhyl/%E5%85%A5%E4%BD%8F%E5%8A%9E%E7%90%86%E8%AF%A6%E6%83%85%E9%A1%B5-1-%E5%9F%BA%E6%9C%AC%E4%BF%A1%E6%81%AF.html @ https://rp-java.itheima.net/zhyl/resources/scripts/messagecenter.js:296
[    5645ms] [LOG] dispatched to https://rp-java.itheima.net/zhyl/#id=nf6w0g&p=%E5%85%A5%E4%BD%8F%E5%8A%9E%E7%90%86%E8%AF%A6%E6%83%85%E9%A1%B5-1-%E5%9F%BA%E6%9C%AC%E4%BF%A1%E6%81%AF&g=1 @ https://rp-java.itheima.net/zhyl/resources/scripts/messagecenter.js:296
[    5645ms] [LOG] dispatched to https://rp-java.itheima.net/zhyl/%E5%85%A5%E4%BD%8F%E5%8A%9E%E7%90%86%E8%AF%A6%E6%83%85%E9%A1%B5-1-%E5%9F%BA%E6%9C%AC%E4%BF%A1%E6%81%AF.html @ https://rp-java.itheima.net/zhyl/resources/scripts/messagecenter.js:296
[    5645ms] [LOG] dispatched to https://rp-java.itheima.net/zhyl/#id=nf6w0g&p=%E5%85%A5%E4%BD%8F%E5%8A%9E%E7%90%86%E8%AF%A6%E6%83%85%E9%A1%B5-1-%E5%9F%BA%E6%9C%AC%E4%BF%A1%E6%81%AF&g=1 @ https://rp-java.itheima.net/zhyl/resources/scripts/messagecenter.js:296
[    5646ms] [LOG] dispatched to https://rp-java.itheima.net/zhyl/%E5%85%A5%E4%BD%8F%E5%8A%9E%E7%90%86%E8%AF%A6%E6%83%85%E9%A1%B5-1-%E5%9F%BA%E6%9C%AC%E4%BF%A1%E6%81%AF.html @ https://rp-java.itheima.net/zhyl/resources/scripts/messagecenter.js:296
[    5646ms] [LOG] dispatched to https://rp-java.itheima.net/zhyl/#id=nf6w0g&p=%E5%85%A5%E4%BD%8F%E5%8A%9E%E7%90%86%E8%AF%A6%E6%83%85%E9%A1%B5-1-%E5%9F%BA%E6%9C%AC%E4%BF%A1%E6%81%AF&g=1 @ https://rp-java.itheima.net/zhyl/resources/scripts/messagecenter.js:296
[    5646ms] [LOG] dispatched to https://rp-java.itheima.net/zhyl/%E5%85%A5%E4%BD%8F%E5%8A%9E%E7%90%86%E8%AF%A6%E6%83%85%E9%A1%B5-1-%E5%9F%BA%E6%9C%AC%E4%BF%A1%E6%81%AF.html @ https://rp-java.itheima.net/zhyl/resources/scripts/messagecenter.js:296
[    5646ms] [LOG] dispatched to https://rp-java.itheima.net/zhyl/#id=nf6w0g&p=%E5%85%A5%E4%BD%8F%E5%8A%9E%E7%90%86%E8%AF%A6%E6%83%85%E9%A1%B5-1-%E5%9F%BA%E6%9C%AC%E4%BF%A1%E6%81%AF&g=1 @ https://rp-java.itheima.net/zhyl/resources/scripts/messagecenter.js:296
[    5646ms] [LOG] dispatched to https://rp-java.itheima.net/zhyl/%E5%85%A5%E4%BD%8F%E5%8A%9E%E7%90%86%E8%AF%A6%E6%83%85%E9%A1%B5-1-%E5%9F%BA%E6%9C%AC%E4%BF%A1%E6%81%AF.html @ https://rp-java.itheima.net/zhyl/resources/scripts/messagecenter.js:296
[    5657ms] [LOG] dispatched to https://rp-java.itheima.net/zhyl/#id=nf6w0g&p=%E5%85%A5%E4%BD%8F%E5%8A%9E%E7%90%86%E8%AF%A6%E6%83%85%E9%A1%B5-1-%E5%9F%BA%E6%9C%AC%E4%BF%A1%E6%81%AF&g=1 @ https://rp-java.itheima.net/zhyl/resources/scripts/messagecenter.js:296
[    5657ms] [LOG] dispatched to https://rp-java.itheima.net/zhyl/#id=nf6w0g&p=%E5%85%A5%E4%BD%8F%E5%8A%9E%E7%90%86%E8%AF%A6%E6%83%85%E9%A1%B5-1-%E5%9F%BA%E6%9C%AC%E4%BF%A1%E6%81%AF&g=1 @ https://rp-java.itheima.net/zhyl/resources/scripts/messagecenter.js:296
[    5657ms] [LOG] dispatched to https://rp-java.itheima.net/zhyl/%E5%85%A5%E4%BD%8F%E5%8A%9E%E7%90%86%E8%AF%A6%E6%83%85%E9%A1%B5-1-%E5%9F%BA%E6%9C%AC%E4%BF%A1%E6%81%AF.html @ https://rp-java.itheima.net/zhyl/resources/scripts/messagecenter.js:296
[    5658ms] [LOG] dispatched to https://rp-java.itheima.net/zhyl/#id=nf6w0g&p=%E5%85%A5%E4%BD%8F%E5%8A%9E%E7%90%86%E8%AF%A6%E6%83%85%E9%A1%B5-1-%E5%9F%BA%E6%9C%AC%E4%BF%A1%E6%81%AF&g=1 @ https://rp-java.itheima.net/zhyl/resources/scripts/messagecenter.js:296
[    5658ms] [LOG] dispatched to https://rp-java.itheima.net/zhyl/%E5%85%A5%E4%BD%8F%E5%8A%9E%E7%90%86%E8%AF%A6%E6%83%85%E9%A1%B5-1-%E5%9F%BA%E6%9C%AC%E4%BF%A1%E6%81%AF.html @ https://rp-java.itheima.net/zhyl/resources/scripts/messagecenter.js:296
[    5659ms] [LOG] dispatched to https://rp-java.itheima.net/zhyl/#id=nf6w0g&p=%E5%85%A5%E4%BD%8F%E5%8A%9E%E7%90%86%E8%AF%A6%E6%83%85%E9%A1%B5-1-%E5%9F%BA%E6%9C%AC%E4%BF%A1%E6%81%AF&g=1 @ https://rp-java.itheima.net/zhyl/resources/scripts/messagecenter.js:296
[    5659ms] [LOG] dispatched to https://rp-java.itheima.net/zhyl/%E5%85%A5%E4%BD%8F%E5%8A%9E%E7%90%86%E8%AF%A6%E6%83%85%E9%A1%B5-1-%E5%9F%BA%E6%9C%AC%E4%BF%A1%E6%81%AF.html @ https://rp-java.itheima.net/zhyl/resources/scripts/messagecenter.js:296
[    5659ms] [LOG] dispatched to https://rp-java.itheima.net/zhyl/#id=nf6w0g&p=%E5%85%A5%E4%BD%8F%E5%8A%9E%E7%90%86%E8%AF%A6%E6%83%85%E9%A1%B5-1-%E5%9F%BA%E6%9C%AC%E4%BF%A1%E6%81%AF&g=1 @ https://rp-java.itheima.net/zhyl/resources/scripts/messagecenter.js:296
[    5659ms] [LOG] dispatched to https://rp-java.itheima.net/zhyl/%E5%85%A5%E4%BD%8F%E5%8A%9E%E7%90%86%E8%AF%A6%E6%83%85%E9%A1%B5-1-%E5%9F%BA%E6%9C%AC%E4%BF%A1%E6%81%AF.html @ https://rp-java.itheima.net/zhyl/resources/scripts/messagecenter.js:296
[    5659ms] [LOG] dispatched to https://rp-java.itheima.net/zhyl/%E5%85%A5%E4%BD%8F%E5%8A%9E%E7%90%86%E8%AF%A6%E6%83%85%E9%A1%B5-1-%E5%9F%BA%E6%9C%AC%E4%BF%A1%E6%81%AF.html @ https://rp-java.itheima.net/zhyl/resources/scripts/messagecenter.js:296
[    5659ms] [LOG] loadTime: 0 @ https://rp-java.itheima.net/zhyl/resources/scripts/axure/init.temp.js:277
[    5661ms] [LOG] dispatched to https://rp-java.itheima.net/zhyl/#id=nf6w0g&p=%E5%85%A5%E4%BD%8F%E5%8A%9E%E7%90%86%E8%AF%A6%E6%83%85%E9%A1%B5-1-%E5%9F%BA%E6%9C%AC%E4%BF%A1%E6%81%AF&g=1 @ https://rp-java.itheima.net/zhyl/resources/scripts/messagecenter.js:296
[    5662ms] [LOG] dispatched to https://rp-java.itheima.net/zhyl/%E5%85%A5%E4%BD%8F%E5%8A%9E%E7%90%86%E8%AF%A6%E6%83%85%E9%A1%B5-1-%E5%9F%BA%E6%9C%AC%E4%BF%A1%E6%81%AF.html @ https://rp-java.itheima.net/zhyl/resources/scripts/messagecenter.js:296
[    5662ms] [LOG] dispatched to https://rp-java.itheima.net/zhyl/#id=nf6w0g&p=%E5%85%A5%E4%BD%8F%E5%8A%9E%E7%90%86%E8%AF%A6%E6%83%85%E9%A1%B5-1-%E5%9F%BA%E6%9C%AC%E4%BF%A1%E6%81%AF&g=1 @ https://rp-java.itheima.net/zhyl/resources/scripts/messagecenter.js:296
[    5662ms] [LOG] dispatched to https://rp-java.itheima.net/zhyl/%E5%85%A5%E4%BD%8F%E5%8A%9E%E7%90%86%E8%AF%A6%E6%83%85%E9%A1%B5-1-%E5%9F%BA%E6%9C%AC%E4%BF%A1%E6%81%AF.html @ https://rp-java.itheima.net/zhyl/resources/scripts/messagecenter.js:296
[    5662ms] [LOG] dispatched to https://rp-java.itheima.net/zhyl/#id=nf6w0g&p=%E5%85%A5%E4%BD%8F%E5%8A%9E%E7%90%86%E8%AF%A6%E6%83%85%E9%A1%B5-1-%E5%9F%BA%E6%9C%AC%E4%BF%A1%E6%81%AF&g=1 @ https://rp-java.itheima.net/zhyl/resources/scripts/messagecenter.js:296
[    5662ms] [LOG] dispatched to https://rp-java.itheima.net/zhyl/%E5%85%A5%E4%BD%8F%E5%8A%9E%E7%90%86%E8%AF%A6%E6%83%85%E9%A1%B5-1-%E5%9F%BA%E6%9C%AC%E4%BF%A1%E6%81%AF.html @ https://rp-java.itheima.net/zhyl/resources/scripts/messagecenter.js:296
[    5662ms] [LOG] dispatched to https://rp-java.itheima.net/zhyl/%E5%85%A5%E4%BD%8F%E5%8A%9E%E7%90%86%E8%AF%A6%E6%83%85%E9%A1%B5-1-%E5%9F%BA%E6%9C%AC%E4%BF%A1%E6%81%AF.html @ https://rp-java.itheima.net/zhyl/resources/scripts/messagecenter.js:296
[   28388ms] [LOG] adding from https://rp-java.itheima.net/zhyl/%E5%85%A5%E4%BD%8F%E5%8A%9E%E7%90%86%E8%AF%A6%E6%83%85%E9%A1%B5-2-%E5%81%A5%E5%BA%B7%E8%AF%84%E4%BC%B0.html @ https://rp-java.itheima.net/zhyl/resources/scripts/messagecenter.js:240
[   28389ms] [LOG] dispatched to https://rp-java.itheima.net/zhyl/#id=nf6w0g&p=%E5%85%A5%E4%BD%8F%E5%8A%9E%E7%90%86%E8%AF%A6%E6%83%85%E9%A1%B5-1-%E5%9F%BA%E6%9C%AC%E4%BF%A1%E6%81%AF&g=1 @ https://rp-java.itheima.net/zhyl/resources/scripts/messagecenter.js:296
[   28391ms] [LOG] dispatched to https://rp-java.itheima.net/zhyl/#id=alhfab&p=%E5%85%A5%E4%BD%8F%E5%8A%9E%E7%90%86%E8%AF%A6%E6%83%85%E9%A1%B5-2-%E5%81%A5%E5%BA%B7%E8%AF%84%E4%BC%B0&g=1 @ https://rp-java.itheima.net/zhyl/resources/scripts/messagecenter.js:296
[   28392ms] [LOG] dispatched to https://rp-java.itheima.net/zhyl/%E5%85%A5%E4%BD%8F%E5%8A%9E%E7%90%86%E8%AF%A6%E6%83%85%E9%A1%B5-2-%E5%81%A5%E5%BA%B7%E8%AF%84%E4%BC%B0.html @ https://rp-java.itheima.net/zhyl/resources/scripts/messagecenter.js:296
[   28393ms] [LOG] dispatched to https://rp-java.itheima.net/zhyl/#id=alhfab&p=%E5%85%A5%E4%BD%8F%E5%8A%9E%E7%90%86%E8%AF%A6%E6%83%85%E9%A1%B5-2-%E5%81%A5%E5%BA%B7%E8%AF%84%E4%BC%B0&g=1 @ https://rp-java.itheima.net/zhyl/resources/scripts/messagecenter.js:296
[   28393ms] [LOG] dispatched to https://rp-java.itheima.net/zhyl/%E5%85%A5%E4%BD%8F%E5%8A%9E%E7%90%86%E8%AF%A6%E6%83%85%E9%A1%B5-2-%E5%81%A5%E5%BA%B7%E8%AF%84%E4%BC%B0.html @ https://rp-java.itheima.net/zhyl/resources/scripts/messagecenter.js:296
[   28393ms] [LOG] dispatched to https://rp-java.itheima.net/zhyl/#id=alhfab&p=%E5%85%A5%E4%BD%8F%E5%8A%9E%E7%90%86%E8%AF%A6%E6%83%85%E9%A1%B5-2-%E5%81%A5%E5%BA%B7%E8%AF%84%E4%BC%B0&g=1 @ https://rp-java.itheima.net/zhyl/resources/scripts/messagecenter.js:296
[   28393ms] [LOG] dispatched to https://rp-java.itheima.net/zhyl/%E5%85%A5%E4%BD%8F%E5%8A%9E%E7%90%86%E8%AF%A6%E6%83%85%E9%A1%B5-2-%E5%81%A5%E5%BA%B7%E8%AF%84%E4%BC%B0.html @ https://rp-java.itheima.net/zhyl/resources/scripts/messagecenter.js:296
[   28395ms] [LOG] dispatched to https://rp-java.itheima.net/zhyl/#id=alhfab&p=%E5%85%A5%E4%BD%8F%E5%8A%9E%E7%90%86%E8%AF%A6%E6%83%85%E9%A1%B5-2-%E5%81%A5%E5%BA%B7%E8%AF%84%E4%BC%B0&g=1 @ https://rp-java.itheima.net/zhyl/resources/scripts/messagecenter.js:296
[   28395ms] [LOG] dispatched to https://rp-java.itheima.net/zhyl/%E5%85%A5%E4%BD%8F%E5%8A%9E%E7%90%86%E8%AF%A6%E6%83%85%E9%A1%B5-2-%E5%81%A5%E5%BA%B7%E8%AF%84%E4%BC%B0.html @ https://rp-java.itheima.net/zhyl/resources/scripts/messagecenter.js:296
[   28395ms] [LOG] dispatched to https://rp-java.itheima.net/zhyl/#id=alhfab&p=%E5%85%A5%E4%BD%8F%E5%8A%9E%E7%90%86%E8%AF%A6%E6%83%85%E9%A1%B5-2-%E5%81%A5%E5%BA%B7%E8%AF%84%E4%BC%B0&g=1 @ https://rp-java.itheima.net/zhyl/resources/scripts/messagecenter.js:296
[   28395ms] [LOG] dispatched to https://rp-java.itheima.net/zhyl/%E5%85%A5%E4%BD%8F%E5%8A%9E%E7%90%86%E8%AF%A6%E6%83%85%E9%A1%B5-2-%E5%81%A5%E5%BA%B7%E8%AF%84%E4%BC%B0.html @ https://rp-java.itheima.net/zhyl/resources/scripts/messagecenter.js:296
[   28395ms] [LOG] dispatched to https://rp-java.itheima.net/zhyl/#id=alhfab&p=%E5%85%A5%E4%BD%8F%E5%8A%9E%E7%90%86%E8%AF%A6%E6%83%85%E9%A1%B5-2-%E5%81%A5%E5%BA%B7%E8%AF%84%E4%BC%B0&g=1 @ https://rp-java.itheima.net/zhyl/resources/scripts/messagecenter.js:296
[   28395ms] [LOG] dispatched to https://rp-java.itheima.net/zhyl/%E5%85%A5%E4%BD%8F%E5%8A%9E%E7%90%86%E8%AF%A6%E6%83%85%E9%A1%B5-2-%E5%81%A5%E5%BA%B7%E8%AF%84%E4%BC%B0.html @ https://rp-java.itheima.net/zhyl/resources/scripts/messagecenter.js:296
[   28395ms] [LOG] dispatched to https://rp-java.itheima.net/zhyl/#id=alhfab&p=%E5%85%A5%E4%BD%8F%E5%8A%9E%E7%90%86%E8%AF%A6%E6%83%85%E9%A1%B5-2-%E5%81%A5%E5%BA%B7%E8%AF%84%E4%BC%B0&g=1 @ https://rp-java.itheima.net/zhyl/resources/scripts/messagecenter.js:296
[   28395ms] [LOG] dispatched to https://rp-java.itheima.net/zhyl/%E5%85%A5%E4%BD%8F%E5%8A%9E%E7%90%86%E8%AF%A6%E6%83%85%E9%A1%B5-2-%E5%81%A5%E5%BA%B7%E8%AF%84%E4%BC%B0.html @ https://rp-java.itheima.net/zhyl/resources/scripts/messagecenter.js:296
[   28408ms] [LOG] dispatched to https://rp-java.itheima.net/zhyl/#id=alhfab&p=%E5%85%A5%E4%BD%8F%E5%8A%9E%E7%90%86%E8%AF%A6%E6%83%85%E9%A1%B5-2-%E5%81%A5%E5%BA%B7%E8%AF%84%E4%BC%B0&g=1 @ https://rp-java.itheima.net/zhyl/resources/scripts/messagecenter.js:296
[   28409ms] [LOG] dispatched to https://rp-java.itheima.net/zhyl/#id=alhfab&p=%E5%85%A5%E4%BD%8F%E5%8A%9E%E7%90%86%E8%AF%A6%E6%83%85%E9%A1%B5-2-%E5%81%A5%E5%BA%B7%E8%AF%84%E4%BC%B0&g=1 @ https://rp-java.itheima.net/zhyl/resources/scripts/messagecenter.js:296
[   28409ms] [LOG] dispatched to https://rp-java.itheima.net/zhyl/%E5%85%A5%E4%BD%8F%E5%8A%9E%E7%90%86%E8%AF%A6%E6%83%85%E9%A1%B5-2-%E5%81%A5%E5%BA%B7%E8%AF%84%E4%BC%B0.html @ https://rp-java.itheima.net/zhyl/resources/scripts/messagecenter.js:296
[   28410ms] [LOG] dispatched to https://rp-java.itheima.net/zhyl/#id=alhfab&p=%E5%85%A5%E4%BD%8F%E5%8A%9E%E7%90%86%E8%AF%A6%E6%83%85%E9%A1%B5-2-%E5%81%A5%E5%BA%B7%E8%AF%84%E4%BC%B0&g=1 @ https://rp-java.itheima.net/zhyl/resources/scripts/messagecenter.js:296
[   28410ms] [LOG] dispatched to https://rp-java.itheima.net/zhyl/%E5%85%A5%E4%BD%8F%E5%8A%9E%E7%90%86%E8%AF%A6%E6%83%85%E9%A1%B5-2-%E5%81%A5%E5%BA%B7%E8%AF%84%E4%BC%B0.html @ https://rp-java.itheima.net/zhyl/resources/scripts/messagecenter.js:296
[   28410ms] [LOG] dispatched to https://rp-java.itheima.net/zhyl/#id=alhfab&p=%E5%85%A5%E4%BD%8F%E5%8A%9E%E7%90%86%E8%AF%A6%E6%83%85%E9%A1%B5-2-%E5%81%A5%E5%BA%B7%E8%AF%84%E4%BC%B0&g=1 @ https://rp-java.itheima.net/zhyl/resources/scripts/messagecenter.js:296
[   28410ms] [LOG] dispatched to https://rp-java.itheima.net/zhyl/%E5%85%A5%E4%BD%8F%E5%8A%9E%E7%90%86%E8%AF%A6%E6%83%85%E9%A1%B5-2-%E5%81%A5%E5%BA%B7%E8%AF%84%E4%BC%B0.html @ https://rp-java.itheima.net/zhyl/resources/scripts/messagecenter.js:296
[   28410ms] [LOG] dispatched to https://rp-java.itheima.net/zhyl/#id=alhfab&p=%E5%85%A5%E4%BD%8F%E5%8A%9E%E7%90%86%E8%AF%A6%E6%83%85%E9%A1%B5-2-%E5%81%A5%E5%BA%B7%E8%AF%84%E4%BC%B0&g=1 @ https://rp-java.itheima.net/zhyl/resources/scripts/messagecenter.js:296
[   28410ms] [LOG] dispatched to https://rp-java.itheima.net/zhyl/%E5%85%A5%E4%BD%8F%E5%8A%9E%E7%90%86%E8%AF%A6%E6%83%85%E9%A1%B5-2-%E5%81%A5%E5%BA%B7%E8%AF%84%E4%BC%B0.html @ https://rp-java.itheima.net/zhyl/resources/scripts/messagecenter.js:296
[   28411ms] [LOG] dispatched to https://rp-java.itheima.net/zhyl/%E5%85%A5%E4%BD%8F%E5%8A%9E%E7%90%86%E8%AF%A6%E6%83%85%E9%A1%B5-2-%E5%81%A5%E5%BA%B7%E8%AF%84%E4%BC%B0.html @ https://rp-java.itheima.net/zhyl/resources/scripts/messagecenter.js:296
[   28411ms] [LOG] loadTime: 0 @ https://rp-java.itheima.net/zhyl/resources/scripts/axure/init.temp.js:277
[   28413ms] [LOG] dispatched to https://rp-java.itheima.net/zhyl/#id=alhfab&p=%E5%85%A5%E4%BD%8F%E5%8A%9E%E7%90%86%E8%AF%A6%E6%83%85%E9%A1%B5-2-%E5%81%A5%E5%BA%B7%E8%AF%84%E4%BC%B0&g=1 @ https://rp-java.itheima.net/zhyl/resources/scripts/messagecenter.js:296
[   28414ms] [LOG] dispatched to https://rp-java.itheima.net/zhyl/%E5%85%A5%E4%BD%8F%E5%8A%9E%E7%90%86%E8%AF%A6%E6%83%85%E9%A1%B5-2-%E5%81%A5%E5%BA%B7%E8%AF%84%E4%BC%B0.html @ https://rp-java.itheima.net/zhyl/resources/scripts/messagecenter.js:296
[   28414ms] [LOG] dispatched to https://rp-java.itheima.net/zhyl/#id=alhfab&p=%E5%85%A5%E4%BD%8F%E5%8A%9E%E7%90%86%E8%AF%A6%E6%83%85%E9%A1%B5-2-%E5%81%A5%E5%BA%B7%E8%AF%84%E4%BC%B0&g=1 @ https://rp-java.itheima.net/zhyl/resources/scripts/messagecenter.js:296
[   28414ms] [LOG] dispatched to https://rp-java.itheima.net/zhyl/%E5%85%A5%E4%BD%8F%E5%8A%9E%E7%90%86%E8%AF%A6%E6%83%85%E9%A1%B5-2-%E5%81%A5%E5%BA%B7%E8%AF%84%E4%BC%B0.html @ https://rp-java.itheima.net/zhyl/resources/scripts/messagecenter.js:296
[   28414ms] [LOG] dispatched to https://rp-java.itheima.net/zhyl/#id=alhfab&p=%E5%85%A5%E4%BD%8F%E5%8A%9E%E7%90%86%E8%AF%A6%E6%83%85%E9%A1%B5-2-%E5%81%A5%E5%BA%B7%E8%AF%84%E4%BC%B0&g=1 @ https://rp-java.itheima.net/zhyl/resources/scripts/messagecenter.js:296
[   28414ms] [LOG] dispatched to https://rp-java.itheima.net/zhyl/%E5%85%A5%E4%BD%8F%E5%8A%9E%E7%90%86%E8%AF%A6%E6%83%85%E9%A1%B5-2-%E5%81%A5%E5%BA%B7%E8%AF%84%E4%BC%B0.html @ https://rp-java.itheima.net/zhyl/resources/scripts/messagecenter.js:296
[   28414ms] [LOG] dispatched to https://rp-java.itheima.net/zhyl/%E5%85%A5%E4%BD%8F%E5%8A%9E%E7%90%86%E8%AF%A6%E6%83%85%E9%A1%B5-2-%E5%81%A5%E5%BA%B7%E8%AF%84%E4%BC%B0.html @ https://rp-java.itheima.net/zhyl/resources/scripts/messagecenter.js:296
[   46534ms] [LOG] adding from https://rp-java.itheima.net/zhyl/%E9%80%80%E4%BD%8F%E7%94%B3%E8%AF%B7%E8%AF%A6%E6%83%85%E9%A1%B5-%E7%94%B3%E8%AF%B7%E9%80%80%E4%BD%8F.html @ https://rp-java.itheima.net/zhyl/resources/scripts/messagecenter.js:240
[   46535ms] [LOG] dispatched to https://rp-java.itheima.net/zhyl/#id=alhfab&p=%E5%85%A5%E4%BD%8F%E5%8A%9E%E7%90%86%E8%AF%A6%E6%83%85%E9%A1%B5-2-%E5%81%A5%E5%BA%B7%E8%AF%84%E4%BC%B0&g=1 @ https://rp-java.itheima.net/zhyl/resources/scripts/messagecenter.js:296
[   46537ms] [LOG] dispatched to https://rp-java.itheima.net/zhyl/#id=lwr0r1&p=%E9%80%80%E4%BD%8F%E7%94%B3%E8%AF%B7%E8%AF%A6%E6%83%85%E9%A1%B5-%E7%94%B3%E8%AF%B7%E9%80%80%E4%BD%8F&g=1 @ https://rp-java.itheima.net/zhyl/resources/scripts/messagecenter.js:296
[   46537ms] [LOG] dispatched to https://rp-java.itheima.net/zhyl/%E9%80%80%E4%BD%8F%E7%94%B3%E8%AF%B7%E8%AF%A6%E6%83%85%E9%A1%B5-%E7%94%B3%E8%AF%B7%E9%80%80%E4%BD%8F.html @ https://rp-java.itheima.net/zhyl/resources/scripts/messagecenter.js:296
[   46537ms] [LOG] dispatched to https://rp-java.itheima.net/zhyl/#id=lwr0r1&p=%E9%80%80%E4%BD%8F%E7%94%B3%E8%AF%B7%E8%AF%A6%E6%83%85%E9%A1%B5-%E7%94%B3%E8%AF%B7%E9%80%80%E4%BD%8F&g=1 @ https://rp-java.itheima.net/zhyl/resources/scripts/messagecenter.js:296
[   46538ms] [LOG] dispatched to https://rp-java.itheima.net/zhyl/%E9%80%80%E4%BD%8F%E7%94%B3%E8%AF%B7%E8%AF%A6%E6%83%85%E9%A1%B5-%E7%94%B3%E8%AF%B7%E9%80%80%E4%BD%8F.html @ https://rp-java.itheima.net/zhyl/resources/scripts/messagecenter.js:296
[   46538ms] [LOG] dispatched to https://rp-java.itheima.net/zhyl/#id=lwr0r1&p=%E9%80%80%E4%BD%8F%E7%94%B3%E8%AF%B7%E8%AF%A6%E6%83%85%E9%A1%B5-%E7%94%B3%E8%AF%B7%E9%80%80%E4%BD%8F&g=1 @ https://rp-java.itheima.net/zhyl/resources/scripts/messagecenter.js:296
[   46538ms] [LOG] dispatched to https://rp-java.itheima.net/zhyl/%E9%80%80%E4%BD%8F%E7%94%B3%E8%AF%B7%E8%AF%A6%E6%83%85%E9%A1%B5-%E7%94%B3%E8%AF%B7%E9%80%80%E4%BD%8F.html @ https://rp-java.itheima.net/zhyl/resources/scripts/messagecenter.js:296
[   46539ms] [LOG] dispatched to https://rp-java.itheima.net/zhyl/#id=lwr0r1&p=%E9%80%80%E4%BD%8F%E7%94%B3%E8%AF%B7%E8%AF%A6%E6%83%85%E9%A1%B5-%E7%94%B3%E8%AF%B7%E9%80%80%E4%BD%8F&g=1 @ https://rp-java.itheima.net/zhyl/resources/scripts/messagecenter.js:296
[   46539ms] [LOG] dispatched to https://rp-java.itheima.net/zhyl/%E9%80%80%E4%BD%8F%E7%94%B3%E8%AF%B7%E8%AF%A6%E6%83%85%E9%A1%B5-%E7%94%B3%E8%AF%B7%E9%80%80%E4%BD%8F.html @ https://rp-java.itheima.net/zhyl/resources/scripts/messagecenter.js:296
[   46539ms] [LOG] dispatched to https://rp-java.itheima.net/zhyl/#id=lwr0r1&p=%E9%80%80%E4%BD%8F%E7%94%B3%E8%AF%B7%E8%AF%A6%E6%83%85%E9%A1%B5-%E7%94%B3%E8%AF%B7%E9%80%80%E4%BD%8F&g=1 @ https://rp-java.itheima.net/zhyl/resources/scripts/messagecenter.js:296
[   46539ms] [LOG] dispatched to https://rp-java.itheima.net/zhyl/%E9%80%80%E4%BD%8F%E7%94%B3%E8%AF%B7%E8%AF%A6%E6%83%85%E9%A1%B5-%E7%94%B3%E8%AF%B7%E9%80%80%E4%BD%8F.html @ https://rp-java.itheima.net/zhyl/resources/scripts/messagecenter.js:296
[   46539ms] [LOG] dispatched to https://rp-java.itheima.net/zhyl/#id=lwr0r1&p=%E9%80%80%E4%BD%8F%E7%94%B3%E8%AF%B7%E8%AF%A6%E6%83%85%E9%A1%B5-%E7%94%B3%E8%AF%B7%E9%80%80%E4%BD%8F&g=1 @ https://rp-java.itheima.net/zhyl/resources/scripts/messagecenter.js:296
[   46539ms] [LOG] dispatched to https://rp-java.itheima.net/zhyl/%E9%80%80%E4%BD%8F%E7%94%B3%E8%AF%B7%E8%AF%A6%E6%83%85%E9%A1%B5-%E7%94%B3%E8%AF%B7%E9%80%80%E4%BD%8F.html @ https://rp-java.itheima.net/zhyl/resources/scripts/messagecenter.js:296
[   46539ms] [LOG] dispatched to https://rp-java.itheima.net/zhyl/#id=lwr0r1&p=%E9%80%80%E4%BD%8F%E7%94%B3%E8%AF%B7%E8%AF%A6%E6%83%85%E9%A1%B5-%E7%94%B3%E8%AF%B7%E9%80%80%E4%BD%8F&g=1 @ https://rp-java.itheima.net/zhyl/resources/scripts/messagecenter.js:296
[   46540ms] [LOG] dispatched to https://rp-java.itheima.net/zhyl/%E9%80%80%E4%BD%8F%E7%94%B3%E8%AF%B7%E8%AF%A6%E6%83%85%E9%A1%B5-%E7%94%B3%E8%AF%B7%E9%80%80%E4%BD%8F.html @ https://rp-java.itheima.net/zhyl/resources/scripts/messagecenter.js:296
[   46548ms] [LOG] dispatched to https://rp-java.itheima.net/zhyl/#id=lwr0r1&p=%E9%80%80%E4%BD%8F%E7%94%B3%E8%AF%B7%E8%AF%A6%E6%83%85%E9%A1%B5-%E7%94%B3%E8%AF%B7%E9%80%80%E4%BD%8F&g=1 @ https://rp-java.itheima.net/zhyl/resources/scripts/messagecenter.js:296
[   46548ms] [LOG] dispatched to https://rp-java.itheima.net/zhyl/#id=lwr0r1&p=%E9%80%80%E4%BD%8F%E7%94%B3%E8%AF%B7%E8%AF%A6%E6%83%85%E9%A1%B5-%E7%94%B3%E8%AF%B7%E9%80%80%E4%BD%8F&g=1 @ https://rp-java.itheima.net/zhyl/resources/scripts/messagecenter.js:296
[   46548ms] [LOG] dispatched to https://rp-java.itheima.net/zhyl/%E9%80%80%E4%BD%8F%E7%94%B3%E8%AF%B7%E8%AF%A6%E6%83%85%E9%A1%B5-%E7%94%B3%E8%AF%B7%E9%80%80%E4%BD%8F.html @ https://rp-java.itheima.net/zhyl/resources/scripts/messagecenter.js:296
[   46549ms] [LOG] dispatched to https://rp-java.itheima.net/zhyl/#id=lwr0r1&p=%E9%80%80%E4%BD%8F%E7%94%B3%E8%AF%B7%E8%AF%A6%E6%83%85%E9%A1%B5-%E7%94%B3%E8%AF%B7%E9%80%80%E4%BD%8F&g=1 @ https://rp-java.itheima.net/zhyl/resources/scripts/messagecenter.js:296
[   46549ms] [LOG] dispatched to https://rp-java.itheima.net/zhyl/%E9%80%80%E4%BD%8F%E7%94%B3%E8%AF%B7%E8%AF%A6%E6%83%85%E9%A1%B5-%E7%94%B3%E8%AF%B7%E9%80%80%E4%BD%8F.html @ https://rp-java.itheima.net/zhyl/resources/scripts/messagecenter.js:296
[   46549ms] [LOG] dispatched to https://rp-java.itheima.net/zhyl/#id=lwr0r1&p=%E9%80%80%E4%BD%8F%E7%94%B3%E8%AF%B7%E8%AF%A6%E6%83%85%E9%A1%B5-%E7%94%B3%E8%AF%B7%E9%80%80%E4%BD%8F&g=1 @ https://rp-java.itheima.net/zhyl/resources/scripts/messagecenter.js:296
[   46550ms] [LOG] dispatched to https://rp-java.itheima.net/zhyl/%E9%80%80%E4%BD%8F%E7%94%B3%E8%AF%B7%E8%AF%A6%E6%83%85%E9%A1%B5-%E7%94%B3%E8%AF%B7%E9%80%80%E4%BD%8F.html @ https://rp-java.itheima.net/zhyl/resources/scripts/messagecenter.js:296
[   46550ms] [LOG] dispatched to https://rp-java.itheima.net/zhyl/#id=lwr0r1&p=%E9%80%80%E4%BD%8F%E7%94%B3%E8%AF%B7%E8%AF%A6%E6%83%85%E9%A1%B5-%E7%94%B3%E8%AF%B7%E9%80%80%E4%BD%8F&g=1 @ https://rp-java.itheima.net/zhyl/resources/scripts/messagecenter.js:296
[   46550ms] [LOG] dispatched to https://rp-java.itheima.net/zhyl/%E9%80%80%E4%BD%8F%E7%94%B3%E8%AF%B7%E8%AF%A6%E6%83%85%E9%A1%B5-%E7%94%B3%E8%AF%B7%E9%80%80%E4%BD%8F.html @ https://rp-java.itheima.net/zhyl/resources/scripts/messagecenter.js:296
[   46550ms] [LOG] dispatched to https://rp-java.itheima.net/zhyl/%E9%80%80%E4%BD%8F%E7%94%B3%E8%AF%B7%E8%AF%A6%E6%83%85%E9%A1%B5-%E7%94%B3%E8%AF%B7%E9%80%80%E4%BD%8F.html @ https://rp-java.itheima.net/zhyl/resources/scripts/messagecenter.js:296
[   46550ms] [LOG] loadTime: 0.001 @ https://rp-java.itheima.net/zhyl/resources/scripts/axure/init.temp.js:277
[   46552ms] [LOG] dispatched to https://rp-java.itheima.net/zhyl/#id=lwr0r1&p=%E9%80%80%E4%BD%8F%E7%94%B3%E8%AF%B7%E8%AF%A6%E6%83%85%E9%A1%B5-%E7%94%B3%E8%AF%B7%E9%80%80%E4%BD%8F&g=1 @ https://rp-java.itheima.net/zhyl/resources/scripts/messagecenter.js:296
[   46552ms] [LOG] dispatched to https://rp-java.itheima.net/zhyl/%E9%80%80%E4%BD%8F%E7%94%B3%E8%AF%B7%E8%AF%A6%E6%83%85%E9%A1%B5-%E7%94%B3%E8%AF%B7%E9%80%80%E4%BD%8F.html @ https://rp-java.itheima.net/zhyl/resources/scripts/messagecenter.js:296
[   46552ms] [LOG] dispatched to https://rp-java.itheima.net/zhyl/#id=lwr0r1&p=%E9%80%80%E4%BD%8F%E7%94%B3%E8%AF%B7%E8%AF%A6%E6%83%85%E9%A1%B5-%E7%94%B3%E8%AF%B7%E9%80%80%E4%BD%8F&g=1 @ https://rp-java.itheima.net/zhyl/resources/scripts/messagecenter.js:296
[   46552ms] [LOG] dispatched to https://rp-java.itheima.net/zhyl/%E9%80%80%E4%BD%8F%E7%94%B3%E8%AF%B7%E8%AF%A6%E6%83%85%E9%A1%B5-%E7%94%B3%E8%AF%B7%E9%80%80%E4%BD%8F.html @ https://rp-java.itheima.net/zhyl/resources/scripts/messagecenter.js:296
[   46553ms] [LOG] dispatched to https://rp-java.itheima.net/zhyl/#id=lwr0r1&p=%E9%80%80%E4%BD%8F%E7%94%B3%E8%AF%B7%E8%AF%A6%E6%83%85%E9%A1%B5-%E7%94%B3%E8%AF%B7%E9%80%80%E4%BD%8F&g=1 @ https://rp-java.itheima.net/zhyl/resources/scripts/messagecenter.js:296
[   46553ms] [LOG] dispatched to https://rp-java.itheima.net/zhyl/%E9%80%80%E4%BD%8F%E7%94%B3%E8%AF%B7%E8%AF%A6%E6%83%85%E9%A1%B5-%E7%94%B3%E8%AF%B7%E9%80%80%E4%BD%8F.html @ https://rp-java.itheima.net/zhyl/resources/scripts/messagecenter.js:296
[   46553ms] [LOG] dispatched to https://rp-java.itheima.net/zhyl/%E9%80%80%E4%BD%8F%E7%94%B3%E8%AF%B7%E8%AF%A6%E6%83%85%E9%A1%B5-%E7%94%B3%E8%AF%B7%E9%80%80%E4%BD%8F.html @ https://rp-java.itheima.net/zhyl/resources/scripts/messagecenter.js:296
