[     824ms] [LOG] dispatched to https://rp-java.itheima.net/zhyl/#id=ps9caw&p=%E6%95%B4%E4%BD%93%E4%BB%8B%E7%BB%8D&g=1 @ https://rp-java.itheima.net/zhyl/resources/scripts/messagecenter.js:296
[     825ms] [LOG] dispatched to https://rp-java.itheima.net/zhyl/#id=ps9caw&p=%E6%95%B4%E4%BD%93%E4%BB%8B%E7%BB%8D&g=1 @ https://rp-java.itheima.net/zhyl/resources/scripts/messagecenter.js:296
[     826ms] [LOG] dispatched to https://rp-java.itheima.net/zhyl/#id=ps9caw&p=%E6%95%B4%E4%BD%93%E4%BB%8B%E7%BB%8D&g=1 @ https://rp-java.itheima.net/zhyl/resources/scripts/messagecenter.js:296
[     826ms] [LOG] dispatched to https://rp-java.itheima.net/zhyl/#id=ps9caw&p=%E6%95%B4%E4%BD%93%E4%BB%8B%E7%BB%8D&g=1 @ https://rp-java.itheima.net/zhyl/resources/scripts/messagecenter.js:296
[     838ms] [LOG] dispatched to https://rp-java.itheima.net/zhyl/#id=ps9caw&p=%E6%95%B4%E4%BD%93%E4%BB%8B%E7%BB%8D&g=1 @ https://rp-java.itheima.net/zhyl/resources/scripts/messagecenter.js:296
[     838ms] [LOG] dispatched to https://rp-java.itheima.net/zhyl/#id=ps9caw&p=%E6%95%B4%E4%BD%93%E4%BB%8B%E7%BB%8D&g=1 @ https://rp-java.itheima.net/zhyl/resources/scripts/messagecenter.js:296
[     838ms] [LOG] dispatched to https://rp-java.itheima.net/zhyl/#id=ps9caw&p=%E6%95%B4%E4%BD%93%E4%BB%8B%E7%BB%8D&g=1 @ https://rp-java.itheima.net/zhyl/resources/scripts/messagecenter.js:296
[    1042ms] [LOG] dispatched to https://rp-java.itheima.net/zhyl/#id=ps9caw&p=%E6%95%B4%E4%BD%93%E4%BB%8B%E7%BB%8D&g=1 @ https://rp-java.itheima.net/zhyl/resources/scripts/messagecenter.js:296
[    1042ms] [LOG] dispatched to https://rp-java.itheima.net/zhyl/%E6%95%B4%E4%BD%93%E4%BB%8B%E7%BB%8D.html @ https://rp-java.itheima.net/zhyl/resources/scripts/messagecenter.js:296
[    1043ms] [LOG] dispatched to https://rp-java.itheima.net/zhyl/#id=ps9caw&p=%E6%95%B4%E4%BD%93%E4%BB%8B%E7%BB%8D&g=1 @ https://rp-java.itheima.net/zhyl/resources/scripts/messagecenter.js:296
[    1043ms] [LOG] dispatched to https://rp-java.itheima.net/zhyl/%E6%95%B4%E4%BD%93%E4%BB%8B%E7%BB%8D.html @ https://rp-java.itheima.net/zhyl/resources/scripts/messagecenter.js:296
[    1043ms] [LOG] dispatched to https://rp-java.itheima.net/zhyl/#id=ps9caw&p=%E6%95%B4%E4%BD%93%E4%BB%8B%E7%BB%8D&g=1 @ https://rp-java.itheima.net/zhyl/resources/scripts/messagecenter.js:296
[    1043ms] [LOG] dispatched to https://rp-java.itheima.net/zhyl/%E6%95%B4%E4%BD%93%E4%BB%8B%E7%BB%8D.html @ https://rp-java.itheima.net/zhyl/resources/scripts/messagecenter.js:296
[    1043ms] [LOG] dispatched to https://rp-java.itheima.net/zhyl/#id=ps9caw&p=%E6%95%B4%E4%BD%93%E4%BB%8B%E7%BB%8D&g=1 @ https://rp-java.itheima.net/zhyl/resources/scripts/messagecenter.js:296
[    1043ms] [LOG] dispatched to https://rp-java.itheima.net/zhyl/%E6%95%B4%E4%BD%93%E4%BB%8B%E7%BB%8D.html @ https://rp-java.itheima.net/zhyl/resources/scripts/messagecenter.js:296
[    1043ms] [LOG] dispatched to https://rp-java.itheima.net/zhyl/#id=ps9caw&p=%E6%95%B4%E4%BD%93%E4%BB%8B%E7%BB%8D&g=1 @ https://rp-java.itheima.net/zhyl/resources/scripts/messagecenter.js:296
[    1043ms] [LOG] dispatched to https://rp-java.itheima.net/zhyl/%E6%95%B4%E4%BD%93%E4%BB%8B%E7%BB%8D.html @ https://rp-java.itheima.net/zhyl/resources/scripts/messagecenter.js:296
[    1366ms] [LOG] adding from https://rp-java.itheima.net/zhyl/%E6%95%B4%E4%BD%93%E4%BB%8B%E7%BB%8D.html @ https://rp-java.itheima.net/zhyl/resources/scripts/messagecenter.js:240
[    1367ms] [LOG] dispatched to https://rp-java.itheima.net/zhyl/#id=ps9caw&p=%E6%95%B4%E4%BD%93%E4%BB%8B%E7%BB%8D&g=1 @ https://rp-java.itheima.net/zhyl/resources/scripts/messagecenter.js:296
[    1370ms] [LOG] dispatched to https://rp-java.itheima.net/zhyl/#id=ps9caw&p=%E6%95%B4%E4%BD%93%E4%BB%8B%E7%BB%8D&g=1 @ https://rp-java.itheima.net/zhyl/resources/scripts/messagecenter.js:296
[    1370ms] [LOG] dispatched to https://rp-java.itheima.net/zhyl/%E6%95%B4%E4%BD%93%E4%BB%8B%E7%BB%8D.html @ https://rp-java.itheima.net/zhyl/resources/scripts/messagecenter.js:296
[    1372ms] [LOG] dispatched to https://rp-java.itheima.net/zhyl/#id=ps9caw&p=%E6%95%B4%E4%BD%93%E4%BB%8B%E7%BB%8D&g=1 @ https://rp-java.itheima.net/zhyl/resources/scripts/messagecenter.js:296
[    1372ms] [LOG] dispatched to https://rp-java.itheima.net/zhyl/%E6%95%B4%E4%BD%93%E4%BB%8B%E7%BB%8D.html @ https://rp-java.itheima.net/zhyl/resources/scripts/messagecenter.js:296
[    1373ms] [LOG] dispatched to https://rp-java.itheima.net/zhyl/#id=ps9caw&p=%E6%95%B4%E4%BD%93%E4%BB%8B%E7%BB%8D&g=1 @ https://rp-java.itheima.net/zhyl/resources/scripts/messagecenter.js:296
[    1373ms] [LOG] dispatched to https://rp-java.itheima.net/zhyl/%E6%95%B4%E4%BD%93%E4%BB%8B%E7%BB%8D.html @ https://rp-java.itheima.net/zhyl/resources/scripts/messagecenter.js:296
[    1373ms] [LOG] dispatched to https://rp-java.itheima.net/zhyl/#id=ps9caw&p=%E6%95%B4%E4%BD%93%E4%BB%8B%E7%BB%8D&g=1 @ https://rp-java.itheima.net/zhyl/resources/scripts/messagecenter.js:296
[    1373ms] [LOG] dispatched to https://rp-java.itheima.net/zhyl/%E6%95%B4%E4%BD%93%E4%BB%8B%E7%BB%8D.html @ https://rp-java.itheima.net/zhyl/resources/scripts/messagecenter.js:296
[    1374ms] [LOG] dispatched to https://rp-java.itheima.net/zhyl/#id=ps9caw&p=%E6%95%B4%E4%BD%93%E4%BB%8B%E7%BB%8D&g=1 @ https://rp-java.itheima.net/zhyl/resources/scripts/messagecenter.js:296
[    1374ms] [LOG] dispatched to https://rp-java.itheima.net/zhyl/%E6%95%B4%E4%BD%93%E4%BB%8B%E7%BB%8D.html @ https://rp-java.itheima.net/zhyl/resources/scripts/messagecenter.js:296
[    1374ms] [LOG] dispatched to https://rp-java.itheima.net/zhyl/#id=ps9caw&p=%E6%95%B4%E4%BD%93%E4%BB%8B%E7%BB%8D&g=1 @ https://rp-java.itheima.net/zhyl/resources/scripts/messagecenter.js:296
[    1374ms] [LOG] dispatched to https://rp-java.itheima.net/zhyl/%E6%95%B4%E4%BD%93%E4%BB%8B%E7%BB%8D.html @ https://rp-java.itheima.net/zhyl/resources/scripts/messagecenter.js:296
[    1374ms] [LOG] dispatched to https://rp-java.itheima.net/zhyl/#id=ps9caw&p=%E6%95%B4%E4%BD%93%E4%BB%8B%E7%BB%8D&g=1 @ https://rp-java.itheima.net/zhyl/resources/scripts/messagecenter.js:296
[    1374ms] [LOG] dispatched to https://rp-java.itheima.net/zhyl/%E6%95%B4%E4%BD%93%E4%BB%8B%E7%BB%8D.html @ https://rp-java.itheima.net/zhyl/resources/scripts/messagecenter.js:296
[    1375ms] [LOG] dispatched to https://rp-java.itheima.net/zhyl/#id=ps9caw&p=%E6%95%B4%E4%BD%93%E4%BB%8B%E7%BB%8D&g=1 @ https://rp-java.itheima.net/zhyl/resources/scripts/messagecenter.js:296
[    1375ms] [LOG] dispatched to https://rp-java.itheima.net/zhyl/%E6%95%B4%E4%BD%93%E4%BB%8B%E7%BB%8D.html @ https://rp-java.itheima.net/zhyl/resources/scripts/messagecenter.js:296
[    1375ms] [LOG] dispatched to https://rp-java.itheima.net/zhyl/#id=ps9caw&p=%E6%95%B4%E4%BD%93%E4%BB%8B%E7%BB%8D&g=1 @ https://rp-java.itheima.net/zhyl/resources/scripts/messagecenter.js:296
[    1375ms] [LOG] dispatched to https://rp-java.itheima.net/zhyl/%E6%95%B4%E4%BD%93%E4%BB%8B%E7%BB%8D.html @ https://rp-java.itheima.net/zhyl/resources/scripts/messagecenter.js:296
[    1375ms] [LOG] dispatched to https://rp-java.itheima.net/zhyl/#id=ps9caw&p=%E6%95%B4%E4%BD%93%E4%BB%8B%E7%BB%8D&g=1 @ https://rp-java.itheima.net/zhyl/resources/scripts/messagecenter.js:296
[    1375ms] [LOG] dispatched to https://rp-java.itheima.net/zhyl/%E6%95%B4%E4%BD%93%E4%BB%8B%E7%BB%8D.html @ https://rp-java.itheima.net/zhyl/resources/scripts/messagecenter.js:296
[    1375ms] [LOG] dispatched to https://rp-java.itheima.net/zhyl/#id=ps9caw&p=%E6%95%B4%E4%BD%93%E4%BB%8B%E7%BB%8D&g=1 @ https://rp-java.itheima.net/zhyl/resources/scripts/messagecenter.js:296
[    1375ms] [LOG] dispatched to https://rp-java.itheima.net/zhyl/%E6%95%B4%E4%BD%93%E4%BB%8B%E7%BB%8D.html @ https://rp-java.itheima.net/zhyl/resources/scripts/messagecenter.js:296
[    1378ms] [LOG] dispatched to https://rp-java.itheima.net/zhyl/#id=ps9caw&p=%E6%95%B4%E4%BD%93%E4%BB%8B%E7%BB%8D&g=1 @ https://rp-java.itheima.net/zhyl/resources/scripts/messagecenter.js:296
[    1378ms] [LOG] dispatched to https://rp-java.itheima.net/zhyl/#id=ps9caw&p=%E6%95%B4%E4%BD%93%E4%BB%8B%E7%BB%8D&g=1 @ https://rp-java.itheima.net/zhyl/resources/scripts/messagecenter.js:296
[    1379ms] [LOG] dispatched to https://rp-java.itheima.net/zhyl/%E6%95%B4%E4%BD%93%E4%BB%8B%E7%BB%8D.html @ https://rp-java.itheima.net/zhyl/resources/scripts/messagecenter.js:296
[    1379ms] [LOG] dispatched to https://rp-java.itheima.net/zhyl/#id=ps9caw&p=%E6%95%B4%E4%BD%93%E4%BB%8B%E7%BB%8D&g=1 @ https://rp-java.itheima.net/zhyl/resources/scripts/messagecenter.js:296
[    1379ms] [LOG] dispatched to https://rp-java.itheima.net/zhyl/%E6%95%B4%E4%BD%93%E4%BB%8B%E7%BB%8D.html @ https://rp-java.itheima.net/zhyl/resources/scripts/messagecenter.js:296
[    1379ms] [LOG] dispatched to https://rp-java.itheima.net/zhyl/#id=ps9caw&p=%E6%95%B4%E4%BD%93%E4%BB%8B%E7%BB%8D&g=1 @ https://rp-java.itheima.net/zhyl/resources/scripts/messagecenter.js:296
[    1379ms] [LOG] dispatched to https://rp-java.itheima.net/zhyl/%E6%95%B4%E4%BD%93%E4%BB%8B%E7%BB%8D.html @ https://rp-java.itheima.net/zhyl/resources/scripts/messagecenter.js:296
[    1379ms] [LOG] dispatched to https://rp-java.itheima.net/zhyl/#id=ps9caw&p=%E6%95%B4%E4%BD%93%E4%BB%8B%E7%BB%8D&g=1 @ https://rp-java.itheima.net/zhyl/resources/scripts/messagecenter.js:296
[    1379ms] [LOG] dispatched to https://rp-java.itheima.net/zhyl/%E6%95%B4%E4%BD%93%E4%BB%8B%E7%BB%8D.html @ https://rp-java.itheima.net/zhyl/resources/scripts/messagecenter.js:296
[    1380ms] [LOG] dispatched to https://rp-java.itheima.net/zhyl/%E6%95%B4%E4%BD%93%E4%BB%8B%E7%BB%8D.html @ https://rp-java.itheima.net/zhyl/resources/scripts/messagecenter.js:296
[    1380ms] [LOG] loadTime: 0 @ https://rp-java.itheima.net/zhyl/resources/scripts/axure/init.temp.js:277
[    1382ms] [LOG] dispatched to https://rp-java.itheima.net/zhyl/#id=ps9caw&p=%E6%95%B4%E4%BD%93%E4%BB%8B%E7%BB%8D&g=1 @ https://rp-java.itheima.net/zhyl/resources/scripts/messagecenter.js:296
[    1382ms] [LOG] dispatched to https://rp-java.itheima.net/zhyl/%E6%95%B4%E4%BD%93%E4%BB%8B%E7%BB%8D.html @ https://rp-java.itheima.net/zhyl/resources/scripts/messagecenter.js:296
[    1382ms] [LOG] dispatched to https://rp-java.itheima.net/zhyl/#id=ps9caw&p=%E6%95%B4%E4%BD%93%E4%BB%8B%E7%BB%8D&g=1 @ https://rp-java.itheima.net/zhyl/resources/scripts/messagecenter.js:296
[    1382ms] [LOG] dispatched to https://rp-java.itheima.net/zhyl/%E6%95%B4%E4%BD%93%E4%BB%8B%E7%BB%8D.html @ https://rp-java.itheima.net/zhyl/resources/scripts/messagecenter.js:296
[    1382ms] [LOG] dispatched to https://rp-java.itheima.net/zhyl/#id=ps9caw&p=%E6%95%B4%E4%BD%93%E4%BB%8B%E7%BB%8D&g=1 @ https://rp-java.itheima.net/zhyl/resources/scripts/messagecenter.js:296
[    1382ms] [LOG] dispatched to https://rp-java.itheima.net/zhyl/%E6%95%B4%E4%BD%93%E4%BB%8B%E7%BB%8D.html @ https://rp-java.itheima.net/zhyl/resources/scripts/messagecenter.js:296
[    1382ms] [LOG] dispatched to https://rp-java.itheima.net/zhyl/%E6%95%B4%E4%BD%93%E4%BB%8B%E7%BB%8D.html @ https://rp-java.itheima.net/zhyl/resources/scripts/messagecenter.js:296
[    1479ms] [WARNING] <meta name="apple-mobile-web-app-capable" content="yes"> is deprecated. Please include <meta name="mobile-web-app-capable" content="yes"> @ https://rp-java.itheima.net/zhyl/#id=ps9caw&p=%E6%95%B4%E4%BD%93%E4%BB%8B%E7%BB%8D&g=1:0
[    3726ms] [LOG] dispatched to https://rp-java.itheima.net/zhyl/#id=ps9caw&p=%E6%95%B4%E4%BD%93%E4%BB%8B%E7%BB%8D&g=1 @ https://rp-java.itheima.net/zhyl/resources/scripts/messagecenter.js:296
[    3726ms] [LOG] dispatched to https://rp-java.itheima.net/zhyl/%E6%95%B4%E4%BD%93%E4%BB%8B%E7%BB%8D.html @ https://rp-java.itheima.net/zhyl/resources/scripts/messagecenter.js:296
[    3726ms] [LOG] dispatched to https://rp-java.itheima.net/zhyl/#id=ps9caw&p=%E6%95%B4%E4%BD%93%E4%BB%8B%E7%BB%8D&g=1 @ https://rp-java.itheima.net/zhyl/resources/scripts/messagecenter.js:296
[    3727ms] [LOG] dispatched to https://rp-java.itheima.net/zhyl/#id=ps9caw&p=%E6%95%B4%E4%BD%93%E4%BB%8B%E7%BB%8D&g=1 @ https://rp-java.itheima.net/zhyl/resources/scripts/messagecenter.js:296
[    3727ms] [LOG] dispatched to https://rp-java.itheima.net/zhyl/%E6%95%B4%E4%BD%93%E4%BB%8B%E7%BB%8D.html @ https://rp-java.itheima.net/zhyl/resources/scripts/messagecenter.js:296
[    3727ms] [LOG] dispatched to https://rp-java.itheima.net/zhyl/#id=ps9caw&p=%E6%95%B4%E4%BD%93%E4%BB%8B%E7%BB%8D&g=1 @ https://rp-java.itheima.net/zhyl/resources/scripts/messagecenter.js:296
[    3727ms] [LOG] dispatched to https://rp-java.itheima.net/zhyl/%E6%95%B4%E4%BD%93%E4%BB%8B%E7%BB%8D.html @ https://rp-java.itheima.net/zhyl/resources/scripts/messagecenter.js:296
[    3727ms] [LOG] dispatched to https://rp-java.itheima.net/zhyl/#id=ps9caw&p=%E6%95%B4%E4%BD%93%E4%BB%8B%E7%BB%8D&g=1 @ https://rp-java.itheima.net/zhyl/resources/scripts/messagecenter.js:296
[    3728ms] [LOG] dispatched to https://rp-java.itheima.net/zhyl/%E6%95%B4%E4%BD%93%E4%BB%8B%E7%BB%8D.html @ https://rp-java.itheima.net/zhyl/resources/scripts/messagecenter.js:296
[    3728ms] [LOG] dispatched to https://rp-java.itheima.net/zhyl/#id=ps9caw&p=%E6%95%B4%E4%BD%93%E4%BB%8B%E7%BB%8D&g=1 @ https://rp-java.itheima.net/zhyl/resources/scripts/messagecenter.js:296
[    3728ms] [LOG] dispatched to https://rp-java.itheima.net/zhyl/%E6%95%B4%E4%BD%93%E4%BB%8B%E7%BB%8D.html @ https://rp-java.itheima.net/zhyl/resources/scripts/messagecenter.js:296
[    3728ms] [LOG] dispatched to https://rp-java.itheima.net/zhyl/%E6%95%B4%E4%BD%93%E4%BB%8B%E7%BB%8D.html @ https://rp-java.itheima.net/zhyl/resources/scripts/messagecenter.js:296
[    3728ms] [LOG] dispatched to https://rp-java.itheima.net/zhyl/#id=ps9caw&p=%E6%95%B4%E4%BD%93%E4%BB%8B%E7%BB%8D&g=1 @ https://rp-java.itheima.net/zhyl/resources/scripts/messagecenter.js:296
[    3728ms] [LOG] dispatched to https://rp-java.itheima.net/zhyl/%E6%95%B4%E4%BD%93%E4%BB%8B%E7%BB%8D.html @ https://rp-java.itheima.net/zhyl/resources/scripts/messagecenter.js:296
[    3728ms] [LOG] dispatched to https://rp-java.itheima.net/zhyl/#id=ps9caw&p=%E6%95%B4%E4%BD%93%E4%BB%8B%E7%BB%8D&g=1 @ https://rp-java.itheima.net/zhyl/resources/scripts/messagecenter.js:296
[    3728ms] [LOG] dispatched to https://rp-java.itheima.net/zhyl/%E6%95%B4%E4%BD%93%E4%BB%8B%E7%BB%8D.html @ https://rp-java.itheima.net/zhyl/resources/scripts/messagecenter.js:296
[    3728ms] [LOG] dispatched to https://rp-java.itheima.net/zhyl/#id=ps9caw&p=%E6%95%B4%E4%BD%93%E4%BB%8B%E7%BB%8D&g=1 @ https://rp-java.itheima.net/zhyl/resources/scripts/messagecenter.js:296
[    3728ms] [LOG] dispatched to https://rp-java.itheima.net/zhyl/%E6%95%B4%E4%BD%93%E4%BB%8B%E7%BB%8D.html @ https://rp-java.itheima.net/zhyl/resources/scripts/messagecenter.js:296
[    3729ms] [LOG] dispatched to https://rp-java.itheima.net/zhyl/#id=ps9caw&p=%E6%95%B4%E4%BD%93%E4%BB%8B%E7%BB%8D&g=1 @ https://rp-java.itheima.net/zhyl/resources/scripts/messagecenter.js:296
[    3729ms] [LOG] dispatched to https://rp-java.itheima.net/zhyl/%E6%95%B4%E4%BD%93%E4%BB%8B%E7%BB%8D.html @ https://rp-java.itheima.net/zhyl/resources/scripts/messagecenter.js:296
[    3740ms] [LOG] dispatched to https://rp-java.itheima.net/zhyl/#id=ps9caw&p=%E6%95%B4%E4%BD%93%E4%BB%8B%E7%BB%8D&g=1 @ https://rp-java.itheima.net/zhyl/resources/scripts/messagecenter.js:296
[    3740ms] [LOG] dispatched to https://rp-java.itheima.net/zhyl/%E6%95%B4%E4%BD%93%E4%BB%8B%E7%BB%8D.html @ https://rp-java.itheima.net/zhyl/resources/scripts/messagecenter.js:296
[    3740ms] [LOG] dispatched to https://rp-java.itheima.net/zhyl/#id=ps9caw&p=%E6%95%B4%E4%BD%93%E4%BB%8B%E7%BB%8D&g=1 @ https://rp-java.itheima.net/zhyl/resources/scripts/messagecenter.js:296
[    3741ms] [LOG] dispatched to https://rp-java.itheima.net/zhyl/#id=ps9caw&p=%E6%95%B4%E4%BD%93%E4%BB%8B%E7%BB%8D&g=1 @ https://rp-java.itheima.net/zhyl/resources/scripts/messagecenter.js:296
[    3741ms] [LOG] dispatched to https://rp-java.itheima.net/zhyl/%E6%95%B4%E4%BD%93%E4%BB%8B%E7%BB%8D.html @ https://rp-java.itheima.net/zhyl/resources/scripts/messagecenter.js:296
[    3742ms] [LOG] dispatched to https://rp-java.itheima.net/zhyl/#id=ps9caw&p=%E6%95%B4%E4%BD%93%E4%BB%8B%E7%BB%8D&g=1 @ https://rp-java.itheima.net/zhyl/resources/scripts/messagecenter.js:296
[    3742ms] [LOG] dispatched to https://rp-java.itheima.net/zhyl/%E6%95%B4%E4%BD%93%E4%BB%8B%E7%BB%8D.html @ https://rp-java.itheima.net/zhyl/resources/scripts/messagecenter.js:296
[    3742ms] [LOG] dispatched to https://rp-java.itheima.net/zhyl/#id=ps9caw&p=%E6%95%B4%E4%BD%93%E4%BB%8B%E7%BB%8D&g=1 @ https://rp-java.itheima.net/zhyl/resources/scripts/messagecenter.js:296
[    3743ms] [LOG] dispatched to https://rp-java.itheima.net/zhyl/%E6%95%B4%E4%BD%93%E4%BB%8B%E7%BB%8D.html @ https://rp-java.itheima.net/zhyl/resources/scripts/messagecenter.js:296
[    3743ms] [LOG] dispatched to https://rp-java.itheima.net/zhyl/#id=ps9caw&p=%E6%95%B4%E4%BD%93%E4%BB%8B%E7%BB%8D&g=1 @ https://rp-java.itheima.net/zhyl/resources/scripts/messagecenter.js:296
[    3743ms] [LOG] dispatched to https://rp-java.itheima.net/zhyl/%E6%95%B4%E4%BD%93%E4%BB%8B%E7%BB%8D.html @ https://rp-java.itheima.net/zhyl/resources/scripts/messagecenter.js:296
[    3743ms] [LOG] dispatched to https://rp-java.itheima.net/zhyl/%E6%95%B4%E4%BD%93%E4%BB%8B%E7%BB%8D.html @ https://rp-java.itheima.net/zhyl/resources/scripts/messagecenter.js:296
[    3743ms] [LOG] dispatched to https://rp-java.itheima.net/zhyl/#id=ps9caw&p=%E6%95%B4%E4%BD%93%E4%BB%8B%E7%BB%8D&g=1 @ https://rp-java.itheima.net/zhyl/resources/scripts/messagecenter.js:296
[    3743ms] [LOG] dispatched to https://rp-java.itheima.net/zhyl/%E6%95%B4%E4%BD%93%E4%BB%8B%E7%BB%8D.html @ https://rp-java.itheima.net/zhyl/resources/scripts/messagecenter.js:296
[    3744ms] [LOG] dispatched to https://rp-java.itheima.net/zhyl/#id=ps9caw&p=%E6%95%B4%E4%BD%93%E4%BB%8B%E7%BB%8D&g=1 @ https://rp-java.itheima.net/zhyl/resources/scripts/messagecenter.js:296
[    3744ms] [LOG] dispatched to https://rp-java.itheima.net/zhyl/%E6%95%B4%E4%BD%93%E4%BB%8B%E7%BB%8D.html @ https://rp-java.itheima.net/zhyl/resources/scripts/messagecenter.js:296
[    3744ms] [LOG] dispatched to https://rp-java.itheima.net/zhyl/#id=ps9caw&p=%E6%95%B4%E4%BD%93%E4%BB%8B%E7%BB%8D&g=1 @ https://rp-java.itheima.net/zhyl/resources/scripts/messagecenter.js:296
[    3744ms] [LOG] dispatched to https://rp-java.itheima.net/zhyl/%E6%95%B4%E4%BD%93%E4%BB%8B%E7%BB%8D.html @ https://rp-java.itheima.net/zhyl/resources/scripts/messagecenter.js:296
[    3744ms] [LOG] dispatched to https://rp-java.itheima.net/zhyl/#id=ps9caw&p=%E6%95%B4%E4%BD%93%E4%BB%8B%E7%BB%8D&g=1 @ https://rp-java.itheima.net/zhyl/resources/scripts/messagecenter.js:296
[    3744ms] [LOG] dispatched to https://rp-java.itheima.net/zhyl/%E6%95%B4%E4%BD%93%E4%BB%8B%E7%BB%8D.html @ https://rp-java.itheima.net/zhyl/resources/scripts/messagecenter.js:296
[   12309ms] [LOG] adding from https://rp-java.itheima.net/zhyl/%E5%85%A5%E4%BD%8F%E5%8A%9E%E7%90%86.html @ https://rp-java.itheima.net/zhyl/resources/scripts/messagecenter.js:240
[   12310ms] [LOG] dispatched to https://rp-java.itheima.net/zhyl/#id=ps9caw&p=%E6%95%B4%E4%BD%93%E4%BB%8B%E7%BB%8D&g=1 @ https://rp-java.itheima.net/zhyl/resources/scripts/messagecenter.js:296
[   12312ms] [LOG] dispatched to https://rp-java.itheima.net/zhyl/#id=c0f53v&p=%E5%85%A5%E4%BD%8F%E5%8A%9E%E7%90%86&g=1 @ https://rp-java.itheima.net/zhyl/resources/scripts/messagecenter.js:296
[   12312ms] [LOG] dispatched to https://rp-java.itheima.net/zhyl/%E5%85%A5%E4%BD%8F%E5%8A%9E%E7%90%86.html @ https://rp-java.itheima.net/zhyl/resources/scripts/messagecenter.js:296
[   12312ms] [LOG] dispatched to https://rp-java.itheima.net/zhyl/#id=c0f53v&p=%E5%85%A5%E4%BD%8F%E5%8A%9E%E7%90%86&g=1 @ https://rp-java.itheima.net/zhyl/resources/scripts/messagecenter.js:296
[   12313ms] [LOG] dispatched to https://rp-java.itheima.net/zhyl/%E5%85%A5%E4%BD%8F%E5%8A%9E%E7%90%86.html @ https://rp-java.itheima.net/zhyl/resources/scripts/messagecenter.js:296
[   12313ms] [LOG] dispatched to https://rp-java.itheima.net/zhyl/#id=c0f53v&p=%E5%85%A5%E4%BD%8F%E5%8A%9E%E7%90%86&g=1 @ https://rp-java.itheima.net/zhyl/resources/scripts/messagecenter.js:296
[   12313ms] [LOG] dispatched to https://rp-java.itheima.net/zhyl/%E5%85%A5%E4%BD%8F%E5%8A%9E%E7%90%86.html @ https://rp-java.itheima.net/zhyl/resources/scripts/messagecenter.js:296
[   12314ms] [LOG] dispatched to https://rp-java.itheima.net/zhyl/#id=c0f53v&p=%E5%85%A5%E4%BD%8F%E5%8A%9E%E7%90%86&g=1 @ https://rp-java.itheima.net/zhyl/resources/scripts/messagecenter.js:296
[   12314ms] [LOG] dispatched to https://rp-java.itheima.net/zhyl/%E5%85%A5%E4%BD%8F%E5%8A%9E%E7%90%86.html @ https://rp-java.itheima.net/zhyl/resources/scripts/messagecenter.js:296
[   12315ms] [LOG] dispatched to https://rp-java.itheima.net/zhyl/#id=c0f53v&p=%E5%85%A5%E4%BD%8F%E5%8A%9E%E7%90%86&g=1 @ https://rp-java.itheima.net/zhyl/resources/scripts/messagecenter.js:296
[   12315ms] [LOG] dispatched to https://rp-java.itheima.net/zhyl/%E5%85%A5%E4%BD%8F%E5%8A%9E%E7%90%86.html @ https://rp-java.itheima.net/zhyl/resources/scripts/messagecenter.js:296
[   12315ms] [LOG] dispatched to https://rp-java.itheima.net/zhyl/#id=c0f53v&p=%E5%85%A5%E4%BD%8F%E5%8A%9E%E7%90%86&g=1 @ https://rp-java.itheima.net/zhyl/resources/scripts/messagecenter.js:296
[   12315ms] [LOG] dispatched to https://rp-java.itheima.net/zhyl/%E5%85%A5%E4%BD%8F%E5%8A%9E%E7%90%86.html @ https://rp-java.itheima.net/zhyl/resources/scripts/messagecenter.js:296
[   12315ms] [LOG] dispatched to https://rp-java.itheima.net/zhyl/#id=c0f53v&p=%E5%85%A5%E4%BD%8F%E5%8A%9E%E7%90%86&g=1 @ https://rp-java.itheima.net/zhyl/resources/scripts/messagecenter.js:296
[   12315ms] [LOG] dispatched to https://rp-java.itheima.net/zhyl/%E5%85%A5%E4%BD%8F%E5%8A%9E%E7%90%86.html @ https://rp-java.itheima.net/zhyl/resources/scripts/messagecenter.js:296
[   12323ms] [LOG] dispatched to https://rp-java.itheima.net/zhyl/#id=c0f53v&p=%E5%85%A5%E4%BD%8F%E5%8A%9E%E7%90%86&g=1 @ https://rp-java.itheima.net/zhyl/resources/scripts/messagecenter.js:296
[   12323ms] [LOG] dispatched to https://rp-java.itheima.net/zhyl/#id=c0f53v&p=%E5%85%A5%E4%BD%8F%E5%8A%9E%E7%90%86&g=1 @ https://rp-java.itheima.net/zhyl/resources/scripts/messagecenter.js:296
[   12323ms] [LOG] dispatched to https://rp-java.itheima.net/zhyl/%E5%85%A5%E4%BD%8F%E5%8A%9E%E7%90%86.html @ https://rp-java.itheima.net/zhyl/resources/scripts/messagecenter.js:296
[   12324ms] [LOG] dispatched to https://rp-java.itheima.net/zhyl/#id=c0f53v&p=%E5%85%A5%E4%BD%8F%E5%8A%9E%E7%90%86&g=1 @ https://rp-java.itheima.net/zhyl/resources/scripts/messagecenter.js:296
[   12324ms] [LOG] dispatched to https://rp-java.itheima.net/zhyl/%E5%85%A5%E4%BD%8F%E5%8A%9E%E7%90%86.html @ https://rp-java.itheima.net/zhyl/resources/scripts/messagecenter.js:296
[   12325ms] [LOG] dispatched to https://rp-java.itheima.net/zhyl/#id=c0f53v&p=%E5%85%A5%E4%BD%8F%E5%8A%9E%E7%90%86&g=1 @ https://rp-java.itheima.net/zhyl/resources/scripts/messagecenter.js:296
[   12325ms] [LOG] dispatched to https://rp-java.itheima.net/zhyl/%E5%85%A5%E4%BD%8F%E5%8A%9E%E7%90%86.html @ https://rp-java.itheima.net/zhyl/resources/scripts/messagecenter.js:296
[   12325ms] [LOG] dispatched to https://rp-java.itheima.net/zhyl/#id=c0f53v&p=%E5%85%A5%E4%BD%8F%E5%8A%9E%E7%90%86&g=1 @ https://rp-java.itheima.net/zhyl/resources/scripts/messagecenter.js:296
[   12325ms] [LOG] dispatched to https://rp-java.itheima.net/zhyl/%E5%85%A5%E4%BD%8F%E5%8A%9E%E7%90%86.html @ https://rp-java.itheima.net/zhyl/resources/scripts/messagecenter.js:296
[   12325ms] [LOG] dispatched to https://rp-java.itheima.net/zhyl/%E5%85%A5%E4%BD%8F%E5%8A%9E%E7%90%86.html @ https://rp-java.itheima.net/zhyl/resources/scripts/messagecenter.js:296
[   12325ms] [LOG] loadTime: 0 @ https://rp-java.itheima.net/zhyl/resources/scripts/axure/init.temp.js:277
[   12327ms] [LOG] dispatched to https://rp-java.itheima.net/zhyl/#id=c0f53v&p=%E5%85%A5%E4%BD%8F%E5%8A%9E%E7%90%86&g=1 @ https://rp-java.itheima.net/zhyl/resources/scripts/messagecenter.js:296
[   12327ms] [LOG] dispatched to https://rp-java.itheima.net/zhyl/%E5%85%A5%E4%BD%8F%E5%8A%9E%E7%90%86.html @ https://rp-java.itheima.net/zhyl/resources/scripts/messagecenter.js:296
[   12327ms] [LOG] dispatched to https://rp-java.itheima.net/zhyl/#id=c0f53v&p=%E5%85%A5%E4%BD%8F%E5%8A%9E%E7%90%86&g=1 @ https://rp-java.itheima.net/zhyl/resources/scripts/messagecenter.js:296
[   12328ms] [LOG] dispatched to https://rp-java.itheima.net/zhyl/%E5%85%A5%E4%BD%8F%E5%8A%9E%E7%90%86.html @ https://rp-java.itheima.net/zhyl/resources/scripts/messagecenter.js:296
[   12328ms] [LOG] dispatched to https://rp-java.itheima.net/zhyl/#id=c0f53v&p=%E5%85%A5%E4%BD%8F%E5%8A%9E%E7%90%86&g=1 @ https://rp-java.itheima.net/zhyl/resources/scripts/messagecenter.js:296
[   12328ms] [LOG] dispatched to https://rp-java.itheima.net/zhyl/%E5%85%A5%E4%BD%8F%E5%8A%9E%E7%90%86.html @ https://rp-java.itheima.net/zhyl/resources/scripts/messagecenter.js:296
[   12328ms] [LOG] dispatched to https://rp-java.itheima.net/zhyl/%E5%85%A5%E4%BD%8F%E5%8A%9E%E7%90%86.html @ https://rp-java.itheima.net/zhyl/resources/scripts/messagecenter.js:296
[   25411ms] [LOG] adding from https://rp-java.itheima.net/zhyl/%E9%80%80%E4%BD%8F%E5%8A%9E%E7%90%86.html @ https://rp-java.itheima.net/zhyl/resources/scripts/messagecenter.js:240
[   25411ms] [LOG] dispatched to https://rp-java.itheima.net/zhyl/#id=c0f53v&p=%E5%85%A5%E4%BD%8F%E5%8A%9E%E7%90%86&g=1 @ https://rp-java.itheima.net/zhyl/resources/scripts/messagecenter.js:296
[   25414ms] [LOG] dispatched to https://rp-java.itheima.net/zhyl/#id=vm7t18&p=%E9%80%80%E4%BD%8F%E5%8A%9E%E7%90%86&g=1 @ https://rp-java.itheima.net/zhyl/resources/scripts/messagecenter.js:296
[   25414ms] [LOG] dispatched to https://rp-java.itheima.net/zhyl/%E9%80%80%E4%BD%8F%E5%8A%9E%E7%90%86.html @ https://rp-java.itheima.net/zhyl/resources/scripts/messagecenter.js:296
[   25415ms] [LOG] dispatched to https://rp-java.itheima.net/zhyl/#id=vm7t18&p=%E9%80%80%E4%BD%8F%E5%8A%9E%E7%90%86&g=1 @ https://rp-java.itheima.net/zhyl/resources/scripts/messagecenter.js:296
[   25415ms] [LOG] dispatched to https://rp-java.itheima.net/zhyl/%E9%80%80%E4%BD%8F%E5%8A%9E%E7%90%86.html @ https://rp-java.itheima.net/zhyl/resources/scripts/messagecenter.js:296
[   25415ms] [LOG] dispatched to https://rp-java.itheima.net/zhyl/#id=vm7t18&p=%E9%80%80%E4%BD%8F%E5%8A%9E%E7%90%86&g=1 @ https://rp-java.itheima.net/zhyl/resources/scripts/messagecenter.js:296
[   25415ms] [LOG] dispatched to https://rp-java.itheima.net/zhyl/%E9%80%80%E4%BD%8F%E5%8A%9E%E7%90%86.html @ https://rp-java.itheima.net/zhyl/resources/scripts/messagecenter.js:296
[   25416ms] [LOG] dispatched to https://rp-java.itheima.net/zhyl/#id=vm7t18&p=%E9%80%80%E4%BD%8F%E5%8A%9E%E7%90%86&g=1 @ https://rp-java.itheima.net/zhyl/resources/scripts/messagecenter.js:296
[   25417ms] [LOG] dispatched to https://rp-java.itheima.net/zhyl/%E9%80%80%E4%BD%8F%E5%8A%9E%E7%90%86.html @ https://rp-java.itheima.net/zhyl/resources/scripts/messagecenter.js:296
[   25417ms] [LOG] dispatched to https://rp-java.itheima.net/zhyl/#id=vm7t18&p=%E9%80%80%E4%BD%8F%E5%8A%9E%E7%90%86&g=1 @ https://rp-java.itheima.net/zhyl/resources/scripts/messagecenter.js:296
[   25417ms] [LOG] dispatched to https://rp-java.itheima.net/zhyl/%E9%80%80%E4%BD%8F%E5%8A%9E%E7%90%86.html @ https://rp-java.itheima.net/zhyl/resources/scripts/messagecenter.js:296
[   25417ms] [LOG] dispatched to https://rp-java.itheima.net/zhyl/#id=vm7t18&p=%E9%80%80%E4%BD%8F%E5%8A%9E%E7%90%86&g=1 @ https://rp-java.itheima.net/zhyl/resources/scripts/messagecenter.js:296
[   25417ms] [LOG] dispatched to https://rp-java.itheima.net/zhyl/%E9%80%80%E4%BD%8F%E5%8A%9E%E7%90%86.html @ https://rp-java.itheima.net/zhyl/resources/scripts/messagecenter.js:296
[   25417ms] [LOG] dispatched to https://rp-java.itheima.net/zhyl/#id=vm7t18&p=%E9%80%80%E4%BD%8F%E5%8A%9E%E7%90%86&g=1 @ https://rp-java.itheima.net/zhyl/resources/scripts/messagecenter.js:296
[   25417ms] [LOG] dispatched to https://rp-java.itheima.net/zhyl/%E9%80%80%E4%BD%8F%E5%8A%9E%E7%90%86.html @ https://rp-java.itheima.net/zhyl/resources/scripts/messagecenter.js:296
[   25425ms] [LOG] dispatched to https://rp-java.itheima.net/zhyl/#id=vm7t18&p=%E9%80%80%E4%BD%8F%E5%8A%9E%E7%90%86&g=1 @ https://rp-java.itheima.net/zhyl/resources/scripts/messagecenter.js:296
[   25425ms] [LOG] dispatched to https://rp-java.itheima.net/zhyl/#id=vm7t18&p=%E9%80%80%E4%BD%8F%E5%8A%9E%E7%90%86&g=1 @ https://rp-java.itheima.net/zhyl/resources/scripts/messagecenter.js:296
[   25426ms] [LOG] dispatched to https://rp-java.itheima.net/zhyl/%E9%80%80%E4%BD%8F%E5%8A%9E%E7%90%86.html @ https://rp-java.itheima.net/zhyl/resources/scripts/messagecenter.js:296
[   25426ms] [LOG] dispatched to https://rp-java.itheima.net/zhyl/#id=vm7t18&p=%E9%80%80%E4%BD%8F%E5%8A%9E%E7%90%86&g=1 @ https://rp-java.itheima.net/zhyl/resources/scripts/messagecenter.js:296
[   25427ms] [LOG] dispatched to https://rp-java.itheima.net/zhyl/%E9%80%80%E4%BD%8F%E5%8A%9E%E7%90%86.html @ https://rp-java.itheima.net/zhyl/resources/scripts/messagecenter.js:296
[   25427ms] [LOG] dispatched to https://rp-java.itheima.net/zhyl/#id=vm7t18&p=%E9%80%80%E4%BD%8F%E5%8A%9E%E7%90%86&g=1 @ https://rp-java.itheima.net/zhyl/resources/scripts/messagecenter.js:296
[   25427ms] [LOG] dispatched to https://rp-java.itheima.net/zhyl/%E9%80%80%E4%BD%8F%E5%8A%9E%E7%90%86.html @ https://rp-java.itheima.net/zhyl/resources/scripts/messagecenter.js:296
[   25427ms] [LOG] dispatched to https://rp-java.itheima.net/zhyl/#id=vm7t18&p=%E9%80%80%E4%BD%8F%E5%8A%9E%E7%90%86&g=1 @ https://rp-java.itheima.net/zhyl/resources/scripts/messagecenter.js:296
[   25427ms] [LOG] dispatched to https://rp-java.itheima.net/zhyl/%E9%80%80%E4%BD%8F%E5%8A%9E%E7%90%86.html @ https://rp-java.itheima.net/zhyl/resources/scripts/messagecenter.js:296
[   25427ms] [LOG] dispatched to https://rp-java.itheima.net/zhyl/%E9%80%80%E4%BD%8F%E5%8A%9E%E7%90%86.html @ https://rp-java.itheima.net/zhyl/resources/scripts/messagecenter.js:296
[   25428ms] [LOG] loadTime: 0 @ https://rp-java.itheima.net/zhyl/resources/scripts/axure/init.temp.js:277
[   25430ms] [LOG] dispatched to https://rp-java.itheima.net/zhyl/#id=vm7t18&p=%E9%80%80%E4%BD%8F%E5%8A%9E%E7%90%86&g=1 @ https://rp-java.itheima.net/zhyl/resources/scripts/messagecenter.js:296
[   25430ms] [LOG] dispatched to https://rp-java.itheima.net/zhyl/%E9%80%80%E4%BD%8F%E5%8A%9E%E7%90%86.html @ https://rp-java.itheima.net/zhyl/resources/scripts/messagecenter.js:296
[   25430ms] [LOG] dispatched to https://rp-java.itheima.net/zhyl/#id=vm7t18&p=%E9%80%80%E4%BD%8F%E5%8A%9E%E7%90%86&g=1 @ https://rp-java.itheima.net/zhyl/resources/scripts/messagecenter.js:296
[   25430ms] [LOG] dispatched to https://rp-java.itheima.net/zhyl/%E9%80%80%E4%BD%8F%E5%8A%9E%E7%90%86.html @ https://rp-java.itheima.net/zhyl/resources/scripts/messagecenter.js:296
[   25430ms] [LOG] dispatched to https://rp-java.itheima.net/zhyl/#id=vm7t18&p=%E9%80%80%E4%BD%8F%E5%8A%9E%E7%90%86&g=1 @ https://rp-java.itheima.net/zhyl/resources/scripts/messagecenter.js:296
[   25431ms] [LOG] dispatched to https://rp-java.itheima.net/zhyl/%E9%80%80%E4%BD%8F%E5%8A%9E%E7%90%86.html @ https://rp-java.itheima.net/zhyl/resources/scripts/messagecenter.js:296
[   25431ms] [LOG] dispatched to https://rp-java.itheima.net/zhyl/%E9%80%80%E4%BD%8F%E5%8A%9E%E7%90%86.html @ https://rp-java.itheima.net/zhyl/resources/scripts/messagecenter.js:296
[   35611ms] [LOG] adding from https://rp-java.itheima.net/zhyl/%E5%90%88%E5%90%8C%E8%B7%9F%E8%B8%AA.html @ https://rp-java.itheima.net/zhyl/resources/scripts/messagecenter.js:240
[   35612ms] [LOG] dispatched to https://rp-java.itheima.net/zhyl/#id=vm7t18&p=%E9%80%80%E4%BD%8F%E5%8A%9E%E7%90%86&g=1 @ https://rp-java.itheima.net/zhyl/resources/scripts/messagecenter.js:296
[   35613ms] [LOG] dispatched to https://rp-java.itheima.net/zhyl/#id=yjb1y8&p=%E5%90%88%E5%90%8C%E8%B7%9F%E8%B8%AA&g=1 @ https://rp-java.itheima.net/zhyl/resources/scripts/messagecenter.js:296
[   35614ms] [LOG] dispatched to https://rp-java.itheima.net/zhyl/%E5%90%88%E5%90%8C%E8%B7%9F%E8%B8%AA.html @ https://rp-java.itheima.net/zhyl/resources/scripts/messagecenter.js:296
[   35614ms] [LOG] dispatched to https://rp-java.itheima.net/zhyl/#id=yjb1y8&p=%E5%90%88%E5%90%8C%E8%B7%9F%E8%B8%AA&g=1 @ https://rp-java.itheima.net/zhyl/resources/scripts/messagecenter.js:296
[   35614ms] [LOG] dispatched to https://rp-java.itheima.net/zhyl/%E5%90%88%E5%90%8C%E8%B7%9F%E8%B8%AA.html @ https://rp-java.itheima.net/zhyl/resources/scripts/messagecenter.js:296
[   35615ms] [LOG] dispatched to https://rp-java.itheima.net/zhyl/#id=yjb1y8&p=%E5%90%88%E5%90%8C%E8%B7%9F%E8%B8%AA&g=1 @ https://rp-java.itheima.net/zhyl/resources/scripts/messagecenter.js:296
[   35615ms] [LOG] dispatched to https://rp-java.itheima.net/zhyl/%E5%90%88%E5%90%8C%E8%B7%9F%E8%B8%AA.html @ https://rp-java.itheima.net/zhyl/resources/scripts/messagecenter.js:296
[   35616ms] [LOG] dispatched to https://rp-java.itheima.net/zhyl/#id=yjb1y8&p=%E5%90%88%E5%90%8C%E8%B7%9F%E8%B8%AA&g=1 @ https://rp-java.itheima.net/zhyl/resources/scripts/messagecenter.js:296
[   35616ms] [LOG] dispatched to https://rp-java.itheima.net/zhyl/%E5%90%88%E5%90%8C%E8%B7%9F%E8%B8%AA.html @ https://rp-java.itheima.net/zhyl/resources/scripts/messagecenter.js:296
[   35616ms] [LOG] dispatched to https://rp-java.itheima.net/zhyl/#id=yjb1y8&p=%E5%90%88%E5%90%8C%E8%B7%9F%E8%B8%AA&g=1 @ https://rp-java.itheima.net/zhyl/resources/scripts/messagecenter.js:296
[   35616ms] [LOG] dispatched to https://rp-java.itheima.net/zhyl/%E5%90%88%E5%90%8C%E8%B7%9F%E8%B8%AA.html @ https://rp-java.itheima.net/zhyl/resources/scripts/messagecenter.js:296
[   35616ms] [LOG] dispatched to https://rp-java.itheima.net/zhyl/#id=yjb1y8&p=%E5%90%88%E5%90%8C%E8%B7%9F%E8%B8%AA&g=1 @ https://rp-java.itheima.net/zhyl/resources/scripts/messagecenter.js:296
[   35616ms] [LOG] dispatched to https://rp-java.itheima.net/zhyl/%E5%90%88%E5%90%8C%E8%B7%9F%E8%B8%AA.html @ https://rp-java.itheima.net/zhyl/resources/scripts/messagecenter.js:296
[   35616ms] [LOG] dispatched to https://rp-java.itheima.net/zhyl/#id=yjb1y8&p=%E5%90%88%E5%90%8C%E8%B7%9F%E8%B8%AA&g=1 @ https://rp-java.itheima.net/zhyl/resources/scripts/messagecenter.js:296
[   35616ms] [LOG] dispatched to https://rp-java.itheima.net/zhyl/%E5%90%88%E5%90%8C%E8%B7%9F%E8%B8%AA.html @ https://rp-java.itheima.net/zhyl/resources/scripts/messagecenter.js:296
[   35623ms] [LOG] dispatched to https://rp-java.itheima.net/zhyl/#id=yjb1y8&p=%E5%90%88%E5%90%8C%E8%B7%9F%E8%B8%AA&g=1 @ https://rp-java.itheima.net/zhyl/resources/scripts/messagecenter.js:296
[   35624ms] [LOG] dispatched to https://rp-java.itheima.net/zhyl/#id=yjb1y8&p=%E5%90%88%E5%90%8C%E8%B7%9F%E8%B8%AA&g=1 @ https://rp-java.itheima.net/zhyl/resources/scripts/messagecenter.js:296
[   35624ms] [LOG] dispatched to https://rp-java.itheima.net/zhyl/%E5%90%88%E5%90%8C%E8%B7%9F%E8%B8%AA.html @ https://rp-java.itheima.net/zhyl/resources/scripts/messagecenter.js:296
[   35625ms] [LOG] dispatched to https://rp-java.itheima.net/zhyl/#id=yjb1y8&p=%E5%90%88%E5%90%8C%E8%B7%9F%E8%B8%AA&g=1 @ https://rp-java.itheima.net/zhyl/resources/scripts/messagecenter.js:296
[   35625ms] [LOG] dispatched to https://rp-java.itheima.net/zhyl/%E5%90%88%E5%90%8C%E8%B7%9F%E8%B8%AA.html @ https://rp-java.itheima.net/zhyl/resources/scripts/messagecenter.js:296
[   35625ms] [LOG] dispatched to https://rp-java.itheima.net/zhyl/#id=yjb1y8&p=%E5%90%88%E5%90%8C%E8%B7%9F%E8%B8%AA&g=1 @ https://rp-java.itheima.net/zhyl/resources/scripts/messagecenter.js:296
[   35625ms] [LOG] dispatched to https://rp-java.itheima.net/zhyl/%E5%90%88%E5%90%8C%E8%B7%9F%E8%B8%AA.html @ https://rp-java.itheima.net/zhyl/resources/scripts/messagecenter.js:296
[   35626ms] [LOG] dispatched to https://rp-java.itheima.net/zhyl/#id=yjb1y8&p=%E5%90%88%E5%90%8C%E8%B7%9F%E8%B8%AA&g=1 @ https://rp-java.itheima.net/zhyl/resources/scripts/messagecenter.js:296
[   35626ms] [LOG] dispatched to https://rp-java.itheima.net/zhyl/%E5%90%88%E5%90%8C%E8%B7%9F%E8%B8%AA.html @ https://rp-java.itheima.net/zhyl/resources/scripts/messagecenter.js:296
[   35626ms] [LOG] dispatched to https://rp-java.itheima.net/zhyl/%E5%90%88%E5%90%8C%E8%B7%9F%E8%B8%AA.html @ https://rp-java.itheima.net/zhyl/resources/scripts/messagecenter.js:296
[   35626ms] [LOG] loadTime: 0.001 @ https://rp-java.itheima.net/zhyl/resources/scripts/axure/init.temp.js:277
[   35637ms] [LOG] dispatched to https://rp-java.itheima.net/zhyl/#id=yjb1y8&p=%E5%90%88%E5%90%8C%E8%B7%9F%E8%B8%AA&g=1 @ https://rp-java.itheima.net/zhyl/resources/scripts/messagecenter.js:296
[   35637ms] [LOG] dispatched to https://rp-java.itheima.net/zhyl/%E5%90%88%E5%90%8C%E8%B7%9F%E8%B8%AA.html @ https://rp-java.itheima.net/zhyl/resources/scripts/messagecenter.js:296
[   35637ms] [LOG] dispatched to https://rp-java.itheima.net/zhyl/#id=yjb1y8&p=%E5%90%88%E5%90%8C%E8%B7%9F%E8%B8%AA&g=1 @ https://rp-java.itheima.net/zhyl/resources/scripts/messagecenter.js:296
[   35637ms] [LOG] dispatched to https://rp-java.itheima.net/zhyl/%E5%90%88%E5%90%8C%E8%B7%9F%E8%B8%AA.html @ https://rp-java.itheima.net/zhyl/resources/scripts/messagecenter.js:296
[   35637ms] [LOG] dispatched to https://rp-java.itheima.net/zhyl/#id=yjb1y8&p=%E5%90%88%E5%90%8C%E8%B7%9F%E8%B8%AA&g=1 @ https://rp-java.itheima.net/zhyl/resources/scripts/messagecenter.js:296
[   35638ms] [LOG] dispatched to https://rp-java.itheima.net/zhyl/%E5%90%88%E5%90%8C%E8%B7%9F%E8%B8%AA.html @ https://rp-java.itheima.net/zhyl/resources/scripts/messagecenter.js:296
[   35638ms] [LOG] dispatched to https://rp-java.itheima.net/zhyl/%E5%90%88%E5%90%8C%E8%B7%9F%E8%B8%AA.html @ https://rp-java.itheima.net/zhyl/resources/scripts/messagecenter.js:296
[   45777ms] [LOG] adding from https://rp-java.itheima.net/zhyl/%E6%88%91%E7%9A%84%E7%94%B3%E8%AF%B7.html @ https://rp-java.itheima.net/zhyl/resources/scripts/messagecenter.js:240
[   45777ms] [LOG] dispatched to https://rp-java.itheima.net/zhyl/#id=yjb1y8&p=%E5%90%88%E5%90%8C%E8%B7%9F%E8%B8%AA&g=1 @ https://rp-java.itheima.net/zhyl/resources/scripts/messagecenter.js:296
[   45779ms] [LOG] dispatched to https://rp-java.itheima.net/zhyl/#id=7n1s3l&p=%E6%88%91%E7%9A%84%E7%94%B3%E8%AF%B7&g=1 @ https://rp-java.itheima.net/zhyl/resources/scripts/messagecenter.js:296
[   45780ms] [LOG] dispatched to https://rp-java.itheima.net/zhyl/%E6%88%91%E7%9A%84%E7%94%B3%E8%AF%B7.html @ https://rp-java.itheima.net/zhyl/resources/scripts/messagecenter.js:296
[   45780ms] [LOG] dispatched to https://rp-java.itheima.net/zhyl/#id=7n1s3l&p=%E6%88%91%E7%9A%84%E7%94%B3%E8%AF%B7&g=1 @ https://rp-java.itheima.net/zhyl/resources/scripts/messagecenter.js:296
[   45780ms] [LOG] dispatched to https://rp-java.itheima.net/zhyl/%E6%88%91%E7%9A%84%E7%94%B3%E8%AF%B7.html @ https://rp-java.itheima.net/zhyl/resources/scripts/messagecenter.js:296
[   45781ms] [LOG] dispatched to https://rp-java.itheima.net/zhyl/#id=7n1s3l&p=%E6%88%91%E7%9A%84%E7%94%B3%E8%AF%B7&g=1 @ https://rp-java.itheima.net/zhyl/resources/scripts/messagecenter.js:296
[   45781ms] [LOG] dispatched to https://rp-java.itheima.net/zhyl/%E6%88%91%E7%9A%84%E7%94%B3%E8%AF%B7.html @ https://rp-java.itheima.net/zhyl/resources/scripts/messagecenter.js:296
[   45782ms] [LOG] dispatched to https://rp-java.itheima.net/zhyl/#id=7n1s3l&p=%E6%88%91%E7%9A%84%E7%94%B3%E8%AF%B7&g=1 @ https://rp-java.itheima.net/zhyl/resources/scripts/messagecenter.js:296
[   45782ms] [LOG] dispatched to https://rp-java.itheima.net/zhyl/%E6%88%91%E7%9A%84%E7%94%B3%E8%AF%B7.html @ https://rp-java.itheima.net/zhyl/resources/scripts/messagecenter.js:296
[   45782ms] [LOG] dispatched to https://rp-java.itheima.net/zhyl/#id=7n1s3l&p=%E6%88%91%E7%9A%84%E7%94%B3%E8%AF%B7&g=1 @ https://rp-java.itheima.net/zhyl/resources/scripts/messagecenter.js:296
[   45782ms] [LOG] dispatched to https://rp-java.itheima.net/zhyl/%E6%88%91%E7%9A%84%E7%94%B3%E8%AF%B7.html @ https://rp-java.itheima.net/zhyl/resources/scripts/messagecenter.js:296
[   45782ms] [LOG] dispatched to https://rp-java.itheima.net/zhyl/#id=7n1s3l&p=%E6%88%91%E7%9A%84%E7%94%B3%E8%AF%B7&g=1 @ https://rp-java.itheima.net/zhyl/resources/scripts/messagecenter.js:296
[   45782ms] [LOG] dispatched to https://rp-java.itheima.net/zhyl/%E6%88%91%E7%9A%84%E7%94%B3%E8%AF%B7.html @ https://rp-java.itheima.net/zhyl/resources/scripts/messagecenter.js:296
[   45782ms] [LOG] dispatched to https://rp-java.itheima.net/zhyl/#id=7n1s3l&p=%E6%88%91%E7%9A%84%E7%94%B3%E8%AF%B7&g=1 @ https://rp-java.itheima.net/zhyl/resources/scripts/messagecenter.js:296
[   45782ms] [LOG] dispatched to https://rp-java.itheima.net/zhyl/%E6%88%91%E7%9A%84%E7%94%B3%E8%AF%B7.html @ https://rp-java.itheima.net/zhyl/resources/scripts/messagecenter.js:296
[   45791ms] [LOG] dispatched to https://rp-java.itheima.net/zhyl/#id=7n1s3l&p=%E6%88%91%E7%9A%84%E7%94%B3%E8%AF%B7&g=1 @ https://rp-java.itheima.net/zhyl/resources/scripts/messagecenter.js:296
[   45792ms] [LOG] dispatched to https://rp-java.itheima.net/zhyl/#id=7n1s3l&p=%E6%88%91%E7%9A%84%E7%94%B3%E8%AF%B7&g=1 @ https://rp-java.itheima.net/zhyl/resources/scripts/messagecenter.js:296
[   45792ms] [LOG] dispatched to https://rp-java.itheima.net/zhyl/%E6%88%91%E7%9A%84%E7%94%B3%E8%AF%B7.html @ https://rp-java.itheima.net/zhyl/resources/scripts/messagecenter.js:296
[   45793ms] [LOG] dispatched to https://rp-java.itheima.net/zhyl/#id=7n1s3l&p=%E6%88%91%E7%9A%84%E7%94%B3%E8%AF%B7&g=1 @ https://rp-java.itheima.net/zhyl/resources/scripts/messagecenter.js:296
[   45793ms] [LOG] dispatched to https://rp-java.itheima.net/zhyl/%E6%88%91%E7%9A%84%E7%94%B3%E8%AF%B7.html @ https://rp-java.itheima.net/zhyl/resources/scripts/messagecenter.js:296
[   45793ms] [LOG] dispatched to https://rp-java.itheima.net/zhyl/#id=7n1s3l&p=%E6%88%91%E7%9A%84%E7%94%B3%E8%AF%B7&g=1 @ https://rp-java.itheima.net/zhyl/resources/scripts/messagecenter.js:296
[   45793ms] [LOG] dispatched to https://rp-java.itheima.net/zhyl/%E6%88%91%E7%9A%84%E7%94%B3%E8%AF%B7.html @ https://rp-java.itheima.net/zhyl/resources/scripts/messagecenter.js:296
[   45793ms] [LOG] dispatched to https://rp-java.itheima.net/zhyl/#id=7n1s3l&p=%E6%88%91%E7%9A%84%E7%94%B3%E8%AF%B7&g=1 @ https://rp-java.itheima.net/zhyl/resources/scripts/messagecenter.js:296
[   45793ms] [LOG] dispatched to https://rp-java.itheima.net/zhyl/%E6%88%91%E7%9A%84%E7%94%B3%E8%AF%B7.html @ https://rp-java.itheima.net/zhyl/resources/scripts/messagecenter.js:296
[   45794ms] [LOG] dispatched to https://rp-java.itheima.net/zhyl/%E6%88%91%E7%9A%84%E7%94%B3%E8%AF%B7.html @ https://rp-java.itheima.net/zhyl/resources/scripts/messagecenter.js:296
[   45794ms] [LOG] loadTime: 0 @ https://rp-java.itheima.net/zhyl/resources/scripts/axure/init.temp.js:277
[   45827ms] [LOG] dispatched to https://rp-java.itheima.net/zhyl/#id=7n1s3l&p=%E6%88%91%E7%9A%84%E7%94%B3%E8%AF%B7&g=1 @ https://rp-java.itheima.net/zhyl/resources/scripts/messagecenter.js:296
[   45827ms] [LOG] dispatched to https://rp-java.itheima.net/zhyl/%E6%88%91%E7%9A%84%E7%94%B3%E8%AF%B7.html @ https://rp-java.itheima.net/zhyl/resources/scripts/messagecenter.js:296
[   45827ms] [LOG] dispatched to https://rp-java.itheima.net/zhyl/#id=7n1s3l&p=%E6%88%91%E7%9A%84%E7%94%B3%E8%AF%B7&g=1 @ https://rp-java.itheima.net/zhyl/resources/scripts/messagecenter.js:296
[   45827ms] [LOG] dispatched to https://rp-java.itheima.net/zhyl/%E6%88%91%E7%9A%84%E7%94%B3%E8%AF%B7.html @ https://rp-java.itheima.net/zhyl/resources/scripts/messagecenter.js:296
[   45828ms] [LOG] dispatched to https://rp-java.itheima.net/zhyl/#id=7n1s3l&p=%E6%88%91%E7%9A%84%E7%94%B3%E8%AF%B7&g=1 @ https://rp-java.itheima.net/zhyl/resources/scripts/messagecenter.js:296
[   45828ms] [LOG] dispatched to https://rp-java.itheima.net/zhyl/%E6%88%91%E7%9A%84%E7%94%B3%E8%AF%B7.html @ https://rp-java.itheima.net/zhyl/resources/scripts/messagecenter.js:296
[   45828ms] [LOG] dispatched to https://rp-java.itheima.net/zhyl/%E6%88%91%E7%9A%84%E7%94%B3%E8%AF%B7.html @ https://rp-java.itheima.net/zhyl/resources/scripts/messagecenter.js:296
